2026-04-15 16:31:06,151 - root - INFO - auth/login:: Запрос успешен.
2026-04-15 16:31:06,163 - root - INFO - stats/admin/all-boards:: Запрос успешен.
2026-04-15 16:31:06,396 - root - INFO - auth/login:: Запрос успешен.
2026-04-15 16:31:06,410 - root - INFO - stats/users/1/activity:: Запрос успешен.
2026-04-15 16:31:06,419 - root - INFO - stats/users/2/activity:: Запрос успешен.
2026-04-15 16:31:06,654 - root - INFO - auth/login:: Запрос успешен.
2026-04-15 16:31:06,661 - root - INFO - stats/tasks:: Запрос успешен.
2026-04-15 16:31:06,897 - root - INFO - auth/login:: Запрос успешен.
2026-04-15 16:31:06,906 - root - INFO - stats/dashboard:: Запрос успешен.
2026-04-15 16:31:07,140 - root - INFO - auth/login:: Запрос успешен.
2026-04-15 16:31:07,149 - root - INFO - stats/users/1/activity:: Запрос успешен.
2026-04-15 16:31:07,158 - root - INFO - stats/users/1/activity:: Запрос успешен.
2026-04-15 16:31:07,390 - root - INFO - auth/login:: Запрос успешен.
2026-04-15 16:32:48,003 - root - INFO - auth/login:: Запрос успешен.
2026-04-15 16:32:48,260 - root - INFO - auth/login:: Запрос успешен.
2026-04-15 16:32:48,268 - root - INFO - stats/users/1/activity:: Запрос успешен.
2026-04-15 16:32:48,276 - root - INFO - stats/users/1/activity:: Запрос успешен.
2026-04-15 16:32:48,550 - root - INFO - auth/login:: Запрос успешен.
2026-04-15 16:32:48,558 - root - INFO - stats/tasks:: Запрос успешен.
2026-04-15 16:32:48,794 - root - INFO - auth/login:: Запрос успешен.
2026-04-15 16:32:48,803 - root - INFO - stats/admin/all-boards:: Запрос успешен.
2026-04-15 16:32:49,034 - root - INFO - auth/login:: Запрос успешен.
2026-04-15 16:32:49,043 - root - INFO - stats/dashboard:: Запрос успешен.
2026-04-15 16:32:49,273 - root - INFO - auth/login:: Запрос успешен.
2026-04-15 16:32:49,516 - root - INFO - auth/login:: Запрос успешен.
2026-04-15 16:32:49,525 - root - INFO - stats/users/1/activity:: Запрос успешен.
2026-04-15 16:32:49,533 - root - INFO - stats/users/2/activity:: Запрос успешен.
2026-04-15 16:32:54,814 - root - INFO - auth/login:: Запрос успешен.
2026-04-15 16:32:54,822 - root - INFO - stats/admin/all-boards:: Запрос успешен.
2026-04-15 16:32:55,055 - root - INFO - auth/login:: Запрос успешен.
2026-04-15 16:32:55,063 - root - INFO - stats/admin/all-boards:: Запрос успешен.
2026-04-15 16:32:55,302 - root - INFO - auth/login:: Запрос успешен.
2026-04-15 16:32:55,550 - root - INFO - auth/login:: Запрос успешен.
2026-04-15 16:32:55,558 - root - INFO - stats/admin/all-boards:: Запрос успешен.
2026-04-15 16:32:55,799 - root - INFO - auth/login:: Запрос успешен.
2026-04-15 16:32:56,046 - root - INFO - auth/login:: Запрос успешен.
2026-04-15 16:32:56,289 - root - INFO - auth/login:: Запрос успешен.
2026-04-15 16:32:56,524 - root - INFO - auth/login:: Запрос успешен.
2026-04-15 16:32:56,533 - root - INFO - stats/admin/all-boards:: Запрос успешен.
2026-04-15 16:32:56,768 - root - INFO - auth/login:: Запрос успешен.
2026-04-15 16:32:56,779 - root - INFO - stats/admin/all-boards:: Запрос успешен.
2026-04-15 16:32:57,011 - root - INFO - auth/login:: Запрос успешен.
2026-04-15 16:32:57,249 - root - INFO - auth/login:: Запрос успешен.
2026-04-15 16:32:57,485 - root - INFO - auth/login:: Запрос успешен.
2026-04-15 16:32:57,504 - root - INFO - stats/admin/all-tasks:: Запрос успешен.
2026-04-15 16:32:57,761 - root - INFO - auth/login:: Запрос успешен.
2026-04-15 16:32:58,000 - root - INFO - auth/login:: Запрос успешен.
2026-04-15 16:32:58,009 - root - INFO - stats/admin/all-tasks:: Запрос успешен.
2026-04-15 16:32:58,239 - root - INFO - auth/login:: Запрос успешен.
2026-04-15 16:32:58,249 - root - INFO - stats/admin/all-tasks:: Запрос успешен.
2026-04-15 16:32:58,479 - root - INFO - auth/login:: Запрос успешен.
2026-04-15 16:32:58,717 - root - INFO - auth/login:: Запрос успешен.
2026-04-15 16:32:58,728 - root - INFO - stats/admin/all-tasks:: Запрос успешен.
2026-04-15 16:32:58,963 - root - INFO - auth/login:: Запрос успешен.
2026-04-15 16:32:58,972 - root - INFO - stats/admin/all-tasks:: Запрос успешен.
2026-04-15 16:32:59,202 - root - INFO - auth/login:: Запрос успешен.
2026-04-15 16:32:59,211 - root - INFO - stats/admin/all-tasks:: Запрос успешен.
2026-04-15 16:32:59,462 - root - INFO - auth/login:: Запрос успешен.
2026-04-15 16:32:59,479 - root - INFO - stats/admin/all-tasks:: Запрос успешен.
2026-04-15 16:32:59,713 - root - INFO - auth/login:: Запрос успешен.
2026-04-15 16:32:59,729 - root - INFO - stats/admin/all-tasks:: Запрос успешен.
2026-04-15 16:33:34,983 - root - INFO - auth/login:: Запрос успешен.
2026-04-15 16:33:35,214 - root - INFO - auth/login:: Запрос успешен.
2026-04-15 16:33:35,222 - root - INFO - stats/tasks:: Запрос успешен.
2026-04-15 16:33:35,636 - root - INFO - auth/login:: Запрос успешен.
2026-04-15 16:33:35,645 - root - INFO - stats/dashboard:: Запрос успешен.
2026-04-15 16:33:35,910 - root - INFO - auth/login:: Запрос успешен.
2026-04-15 16:33:36,152 - root - INFO - auth/login:: Запрос успешен.
2026-04-15 16:33:36,161 - root - INFO - stats/users/1/activity:: Запрос успешен.
2026-04-15 16:33:36,401 - root - INFO - auth/login:: Запрос успешен.
2026-04-15 16:33:36,639 - root - INFO - auth/login:: Запрос успешен.
2026-04-15 16:33:36,647 - root - INFO - stats/admin/all-boards:: Запрос успешен.
2026-04-15 16:33:36,879 - root - INFO - auth/login:: Запрос успешен.
2026-04-15 16:33:37,122 - root - INFO - auth/login:: Запрос успешен.
2026-04-15 16:33:37,360 - root - INFO - auth/login:: Запрос успешен.
2026-04-15 16:33:37,369 - root - INFO - stats/admin/all-boards:: Запрос успешен.
2026-04-15 16:33:37,601 - root - INFO - auth/login:: Запрос успешен.
2026-04-15 16:33:42,907 - root - INFO - auth/login:: Запрос успешен.
2026-04-15 16:33:43,240 - root - INFO - stats/admin/all-tasks:: Запрос успешен.
2026-04-15 16:33:43,293 - root - INFO - stats/admin/all-tasks:: Запрос успешен.
2026-04-15 16:33:43,525 - root - INFO - auth/login:: Запрос успешен.
2026-04-15 16:33:43,633 - root - INFO - stats/admin/all-tasks:: Запрос успешен.
2026-04-15 16:33:43,656 - root - INFO - stats/admin/all-tasks:: Запрос успешен.
2026-04-15 16:33:43,886 - root - INFO - auth/login:: Запрос успешен.
2026-04-15 16:33:43,902 - root - INFO - stats/admin/all-tasks:: Запрос успешен.
2026-04-15 16:33:44,139 - root - INFO - auth/login:: Запрос успешен.
2026-04-15 16:33:44,156 - root - INFO - stats/admin/all-tasks:: Запрос успешен.
2026-04-15 16:33:44,385 - root - INFO - auth/login:: Запрос успешен.
2026-04-15 16:33:44,492 - root - INFO - stats/admin/all-tasks:: Запрос успешен.
2026-04-15 16:33:44,552 - root - INFO - stats/admin/all-tasks:: Запрос успешен.
2026-04-15 16:33:44,784 - root - INFO - auth/login:: Запрос успешен.
2026-04-15 16:33:44,893 - root - INFO - stats/admin/all-tasks:: Запрос успешен.
2026-04-15 16:33:44,935 - root - INFO - stats/admin/all-tasks:: Запрос успешен.
2026-04-15 16:33:45,170 - root - INFO - auth/login:: Запрос успешен.
2026-04-15 16:33:45,405 - root - INFO - auth/login:: Запрос успешен.
2026-04-15 16:33:45,512 - root - INFO - stats/admin/all-tasks:: Запрос успешен.
2026-04-15 16:33:45,552 - root - INFO - stats/admin/all-tasks:: Запрос успешен.
2026-04-15 16:33:45,788 - root - INFO - auth/login:: Запрос успешен.
2026-04-15 16:33:46,025 - root - INFO - auth/login:: Запрос успешен.
2026-04-15 16:33:46,266 - root - INFO - auth/login:: Запрос успешен.
2026-04-15 16:33:46,503 - root - INFO - auth/login:: Запрос успешен.
2026-04-15 16:33:46,643 - root - INFO - stats/admin/all-tasks:: Запрос успешен.
2026-04-15 16:33:46,695 - root - INFO - stats/admin/all-tasks:: Запрос успешен.
2026-04-15 16:38:42,656 - root - INFO - auth/login:: Запрос успешен.
2026-04-15 16:38:42,665 - root - INFO - stats/users/1/activity:: Запрос успешен.
2026-04-15 16:38:43,138 - root - INFO - auth/login:: Запрос успешен.
2026-04-15 16:38:43,146 - root - INFO - stats/tasks:: Запрос успешен.
2026-04-15 16:38:43,387 - root - INFO - auth/login:: Запрос успешен.
2026-04-15 16:38:43,396 - root - INFO - stats/dashboard:: Запрос успешен.
2026-04-15 16:38:43,634 - root - INFO - auth/login:: Запрос успешен.
2026-04-15 16:38:43,875 - root - INFO - auth/login:: Запрос успешен.
2026-04-15 16:38:44,139 - root - INFO - auth/login:: Запрос успешен.
2026-04-15 16:38:44,378 - root - INFO - auth/login:: Запрос успешен.
2026-04-15 16:38:44,389 - root - INFO - stats/admin/all-boards:: Запрос успешен.
2026-04-15 16:38:44,641 - root - INFO - auth/login:: Запрос успешен.
2026-04-15 16:38:44,879 - root - INFO - auth/login:: Запрос успешен.
2026-04-15 16:38:44,887 - root - INFO - stats/admin/all-boards:: Запрос успешен.
2026-04-15 16:38:45,121 - root - INFO - auth/login:: Запрос успешен.
2026-04-15 16:39:16,078 - root - INFO - auth/login:: Запрос успешен.
2026-04-15 16:39:16,188 - root - INFO - stats/admin/all-tasks:: Запрос успешен.
2026-04-15 16:39:16,239 - root - INFO - stats/admin/all-tasks:: Запрос успешен.
2026-04-15 16:39:16,477 - root - INFO - auth/login:: Запрос успешен.
2026-04-15 16:39:16,586 - root - INFO - stats/admin/all-tasks:: Запрос успешен.
2026-04-15 16:39:16,628 - root - INFO - stats/admin/all-tasks:: Запрос успешен.
2026-04-15 16:39:16,860 - root - INFO - auth/login:: Запрос успешен.
2026-04-15 16:39:16,877 - root - INFO - stats/admin/all-tasks:: Запрос успешен.
2026-04-15 16:39:17,106 - root - INFO - auth/login:: Запрос успешен.
2026-04-15 16:39:17,214 - root - INFO - stats/admin/all-tasks:: Запрос успешен.
2026-04-15 16:39:17,267 - root - INFO - stats/admin/all-tasks:: Запрос успешен.
2026-04-15 16:39:17,504 - root - INFO - auth/login:: Запрос успешен.
2026-04-15 16:39:17,641 - root - INFO - stats/admin/all-tasks:: Запрос успешен.
2026-04-15 16:39:17,664 - root - INFO - stats/admin/all-tasks:: Запрос успешен.
2026-04-15 16:39:17,895 - root - INFO - auth/login:: Запрос успешен.
2026-04-15 16:39:18,001 - root - INFO - stats/admin/all-tasks:: Запрос успешен.
2026-04-15 16:39:18,042 - root - INFO - stats/admin/all-tasks:: Запрос успешен.
2026-04-15 16:39:18,275 - root - INFO - auth/login:: Запрос успешен.
2026-04-15 16:39:18,519 - root - INFO - auth/login:: Запрос успешен.
2026-04-15 16:39:18,629 - root - INFO - stats/admin/all-tasks:: Запрос успешен.
2026-04-15 16:39:18,690 - root - INFO - stats/admin/all-tasks:: Запрос успешен.
2026-04-15 16:39:18,923 - root - INFO - auth/login:: Запрос успешен.
2026-04-15 16:39:19,159 - root - INFO - auth/login:: Запрос успешен.
2026-04-15 16:39:19,396 - root - INFO - auth/login:: Запрос успешен.
2026-04-15 16:39:19,413 - root - INFO - stats/admin/all-tasks:: Запрос успешен.
2026-04-15 16:39:19,643 - root - INFO - auth/login:: Запрос успешен.
2026-04-15 16:39:19,880 - root - INFO - auth/login:: Запрос успешен.
2026-04-15 16:41:01,416 - root - INFO - auth/login:: Запрос успешен.
2026-04-15 16:41:17,894 - root - INFO - auth/login:: Запрос успешен.
2026-04-15 16:41:18,130 - root - INFO - auth/login:: Запрос успешен.
2026-04-15 16:41:18,368 - root - INFO - auth/login:: Запрос успешен.
2026-04-15 16:41:18,604 - root - INFO - auth/login:: Запрос успешен.
2026-04-15 16:41:18,614 - root - INFO - stats/admin/all-boards:: Запрос успешен.
2026-04-15 16:41:18,843 - root - INFO - auth/login:: Запрос успешен.
2026-04-15 16:41:18,851 - root - INFO - stats/admin/all-boards:: Запрос успешен.
2026-04-15 16:41:19,081 - root - INFO - auth/login:: Запрос успешен.
2026-04-15 16:41:24,322 - root - INFO - auth/login:: Запрос успешен.
2026-04-15 16:41:24,562 - root - INFO - auth/login:: Запрос успешен.
2026-04-15 16:41:24,668 - root - INFO - stats/admin/all-tasks:: Запрос успешен.
2026-04-15 16:41:24,731 - root - INFO - stats/admin/all-tasks:: Запрос успешен.
2026-04-15 16:41:24,963 - root - INFO - auth/login:: Запрос успешен.
2026-04-15 16:41:25,205 - root - INFO - auth/login:: Запрос успешен.
2026-04-15 16:41:25,315 - root - INFO - stats/admin/all-tasks:: Запрос успешен.
2026-04-15 16:41:25,385 - root - INFO - stats/admin/all-tasks:: Запрос успешен.
2026-04-15 16:41:25,620 - root - INFO - auth/login:: Запрос успешен.
2026-04-15 16:41:25,863 - root - INFO - auth/login:: Запрос успешен.
2026-04-15 16:41:26,105 - root - INFO - auth/login:: Запрос успешен.
2026-04-15 16:41:26,217 - root - INFO - stats/admin/all-tasks:: Запрос успешен.
2026-04-15 16:41:26,269 - root - INFO - stats/admin/all-tasks:: Запрос успешен.
2026-04-15 16:41:26,512 - root - INFO - auth/login:: Запрос успешен.
2026-04-15 16:41:26,529 - root - INFO - stats/admin/all-tasks:: Запрос успешен.
2026-04-15 16:41:26,762 - root - INFO - auth/login:: Запрос успешен.
2026-04-15 16:41:26,870 - root - INFO - stats/admin/all-tasks:: Запрос успешен.
2026-04-15 16:41:26,923 - root - INFO - stats/admin/all-tasks:: Запрос успешен.
2026-04-15 16:41:27,157 - root - INFO - auth/login:: Запрос успешен.
2026-04-15 16:41:27,267 - root - INFO - stats/admin/all-tasks:: Запрос успешен.
2026-04-15 16:41:27,292 - root - INFO - stats/admin/all-tasks:: Запрос успешен.
2026-04-15 16:41:27,525 - root - INFO - auth/login:: Запрос успешен.
2026-04-15 16:41:27,633 - root - INFO - stats/admin/all-tasks:: Запрос успешен.
2026-04-15 16:41:27,675 - root - INFO - stats/admin/all-tasks:: Запрос успешен.
2026-04-15 16:41:27,909 - root - INFO - auth/login:: Запрос успешен.
2026-04-15 16:41:27,925 - root - INFO - stats/admin/all-tasks:: Запрос успешен.
2026-04-15 16:41:28,157 - root - INFO - auth/login:: Запрос успешен.
2026-04-15 16:41:28,396 - root - INFO - auth/login:: Запрос успешен.
2026-04-15 16:41:28,405 - root - INFO - stats/users/1/activity:: Запрос успешен.
2026-04-15 16:41:28,643 - root - INFO - auth/login:: Запрос успешен.
2026-04-15 16:41:28,652 - root - INFO - stats/dashboard:: Запрос успешен.
2026-04-15 16:41:28,894 - root - INFO - auth/login:: Запрос успешен.
2026-04-15 16:41:28,902 - root - INFO - stats/tasks:: Запрос успешен.
2026-04-15 16:43:20,398 - root - INFO - auth/login:: Запрос успешен.
2026-04-15 16:43:20,406 - root - INFO - stats/tasks:: Запрос успешен.
2026-04-15 16:43:20,874 - root - INFO - auth/login:: Запрос успешен.
2026-04-15 16:43:21,111 - root - INFO - auth/login:: Запрос успешен.
2026-04-15 16:43:21,132 - root - INFO - stats/users/1/activity:: Запрос успешен.
2026-04-15 16:43:21,372 - root - INFO - auth/login:: Запрос успешен.
2026-04-15 16:43:21,383 - root - INFO - stats/dashboard:: Запрос успешен.
2026-04-15 16:43:21,626 - root - INFO - auth/login:: Запрос успешен.
2026-04-15 16:43:21,636 - root - INFO - stats/admin/all-boards:: Запрос успешен.
2026-04-15 16:43:21,868 - root - INFO - auth/login:: Запрос успешен.
2026-04-15 16:43:22,129 - root - INFO - auth/login:: Запрос успешен.
2026-04-15 16:43:22,140 - root - INFO - stats/admin/all-boards:: Запрос успешен.
2026-04-15 16:43:22,373 - root - INFO - auth/login:: Запрос успешен.
2026-04-15 16:43:22,613 - root - INFO - auth/login:: Запрос успешен.
2026-04-15 16:43:22,861 - root - INFO - auth/login:: Запрос успешен.
2026-04-15 16:43:23,100 - root - INFO - auth/login:: Запрос успешен.
2026-04-15 16:43:44,358 - root - INFO - auth/login:: Запрос успешен.
2026-04-15 16:43:44,501 - root - INFO - stats/admin/all-tasks:: Запрос успешен.
2026-04-15 16:43:44,564 - root - INFO - stats/admin/all-tasks:: Запрос успешен.
2026-04-15 16:43:44,796 - root - INFO - auth/login:: Запрос успешен.
2026-04-15 16:43:44,910 - root - INFO - stats/admin/all-tasks:: Запрос успешен.
2026-04-15 16:43:44,964 - root - INFO - stats/admin/all-tasks:: Запрос успешен.
2026-04-15 16:43:45,196 - root - INFO - auth/login:: Запрос успешен.
2026-04-15 16:43:45,307 - root - INFO - stats/admin/all-tasks:: Запрос успешен.
2026-04-15 16:43:45,349 - root - INFO - stats/admin/all-tasks:: Запрос успешен.
2026-04-15 16:43:45,584 - root - INFO - auth/login:: Запрос успешен.
2026-04-15 16:43:45,697 - root - INFO - stats/admin/all-tasks:: Запрос успешен.
2026-04-15 16:43:45,753 - root - INFO - stats/admin/all-tasks:: Запрос успешен.
2026-04-15 16:43:46,000 - root - INFO - auth/login:: Запрос успешен.
2026-04-15 16:43:46,018 - root - INFO - stats/admin/all-tasks:: Запрос успешен.
2026-04-15 16:43:46,266 - root - INFO - auth/login:: Запрос успешен.
2026-04-15 16:43:46,506 - root - INFO - auth/login:: Запрос успешен.
2026-04-15 16:43:46,744 - root - INFO - auth/login:: Запрос успешен.
2026-04-15 16:43:46,981 - root - INFO - auth/login:: Запрос успешен.
2026-04-15 16:43:47,092 - root - INFO - stats/admin/all-tasks:: Запрос успешен.
2026-04-15 16:43:47,135 - root - INFO - stats/admin/all-tasks:: Запрос успешен.
2026-04-15 16:43:47,368 - root - INFO - auth/login:: Запрос успешен.
2026-04-15 16:43:47,609 - root - INFO - auth/login:: Запрос успешен.
2026-04-15 16:43:47,752 - root - INFO - stats/admin/all-tasks:: Запрос успешен.
2026-04-15 16:43:47,776 - root - INFO - stats/admin/all-tasks:: Запрос успешен.
2026-04-15 16:43:48,008 - root - INFO - auth/login:: Запрос успешен.
2026-04-15 16:43:48,025 - root - INFO - stats/admin/all-tasks:: Запрос успешен.
2026-04-15 16:45:24,473 - root - INFO - auth/login:: Запрос успешен.
2026-04-15 16:45:24,711 - root - INFO - auth/login:: Запрос успешен.
2026-04-15 16:45:24,948 - root - INFO - auth/login:: Запрос успешен.
2026-04-15 16:45:24,957 - root - INFO - stats/admin/all-boards:: Запрос успешен.
2026-04-15 16:45:25,185 - root - INFO - auth/login:: Запрос успешен.
2026-04-15 16:45:25,424 - root - INFO - auth/login:: Запрос успешен.
2026-04-15 16:45:25,432 - root - INFO - stats/admin/all-boards:: Запрос успешен.
2026-04-15 16:45:25,664 - root - INFO - auth/login:: Запрос успешен.
2026-04-15 16:45:25,915 - root - INFO - auth/login:: Запрос успешен.
2026-04-15 16:45:47,144 - root - INFO - auth/login:: Запрос успешен.
2026-04-15 16:45:47,254 - root - INFO - stats/admin/all-tasks:: Запрос успешен.
2026-04-15 16:45:47,320 - root - INFO - stats/admin/all-tasks:: Запрос успешен.
2026-04-15 16:45:47,554 - root - INFO - auth/login:: Запрос успешен.
2026-04-15 16:45:47,570 - root - INFO - stats/admin/all-tasks:: Запрос успешен.
2026-04-15 16:45:47,800 - root - INFO - auth/login:: Запрос успешен.
2026-04-15 16:45:47,816 - root - INFO - stats/admin/all-tasks:: Запрос успешен.
2026-04-15 16:45:48,046 - root - INFO - auth/login:: Запрос успешен.
2026-04-15 16:45:48,282 - root - INFO - auth/login:: Запрос успешен.
2026-04-15 16:45:48,522 - root - INFO - auth/login:: Запрос успешен.
2026-04-15 16:45:48,633 - root - INFO - stats/admin/all-tasks:: Запрос успешен.
2026-04-15 16:45:48,657 - root - INFO - stats/admin/all-tasks:: Запрос успешен.
2026-04-15 16:45:48,889 - root - INFO - auth/login:: Запрос успешен.
2026-04-15 16:45:49,127 - root - INFO - auth/login:: Запрос успешен.
2026-04-15 16:45:49,237 - root - INFO - stats/admin/all-tasks:: Запрос успешен.
2026-04-15 16:45:49,282 - root - INFO - stats/admin/all-tasks:: Запрос успешен.
2026-04-15 16:45:49,516 - root - INFO - auth/login:: Запрос успешен.
2026-04-15 16:45:49,659 - root - INFO - stats/admin/all-tasks:: Запрос успешен.
2026-04-15 16:45:49,715 - root - INFO - stats/admin/all-tasks:: Запрос успешен.
2026-04-15 16:45:49,946 - root - INFO - auth/login:: Запрос успешен.
2026-04-15 16:45:50,057 - root - INFO - stats/admin/all-tasks:: Запрос успешен.
2026-04-15 16:45:50,101 - root - INFO - stats/admin/all-tasks:: Запрос успешен.
2026-04-15 16:45:50,336 - root - INFO - auth/login:: Запрос успешен.
2026-04-15 16:45:50,575 - root - INFO - auth/login:: Запрос успешен.
2026-04-15 16:45:50,707 - root - INFO - stats/admin/all-tasks:: Запрос успешен.
2026-04-15 16:45:50,761 - root - INFO - stats/admin/all-tasks:: Запрос успешен.
2026-04-15 16:55:03,646 - root - INFO - auth/login:: Запрос успешен.
2026-04-15 16:55:03,759 - root - INFO - stats/admin/all-tasks:: Запрос успешен.
2026-04-15 16:55:03,803 - root - INFO - stats/admin/all-tasks:: Запрос успешен.
2026-04-15 16:55:04,037 - root - INFO - auth/login:: Запрос успешен.
2026-04-15 16:55:04,277 - root - INFO - auth/login:: Запрос успешен.
2026-04-15 16:55:04,424 - root - INFO - stats/admin/all-tasks:: Запрос успешен.
2026-04-15 16:55:04,478 - root - INFO - stats/admin/all-tasks:: Запрос успешен.
2026-04-15 16:55:04,710 - root - INFO - auth/login:: Запрос успешен.
2026-04-15 16:55:04,728 - root - INFO - stats/admin/all-tasks:: Запрос успешен.
2026-04-15 16:55:04,964 - root - INFO - auth/login:: Запрос успешен.
2026-04-15 16:55:05,201 - root - INFO - auth/login:: Запрос успешен.
2026-04-15 16:55:05,440 - root - INFO - auth/login:: Запрос успешен.
2026-04-15 16:55:05,680 - root - INFO - auth/login:: Запрос успешен.
2026-04-15 16:55:05,792 - root - INFO - stats/admin/all-tasks:: Запрос успешен.
2026-04-15 16:55:05,838 - root - INFO - stats/admin/all-tasks:: Запрос успешен.
2026-04-15 16:55:06,071 - root - INFO - auth/login:: Запрос успешен.
2026-04-15 16:55:06,087 - root - INFO - stats/admin/all-tasks:: Запрос успешен.
2026-04-15 16:55:06,318 - root - INFO - auth/login:: Запрос успешен.
2026-04-15 16:55:06,434 - root - INFO - stats/admin/all-tasks:: Запрос успешен.
2026-04-15 16:55:06,521 - root - INFO - stats/admin/all-tasks:: Запрос успешен.
2026-04-15 16:55:06,759 - root - INFO - auth/login:: Запрос успешен.
2026-04-15 16:55:06,873 - root - INFO - stats/admin/all-tasks:: Запрос успешен.
2026-04-15 16:55:06,897 - root - INFO - stats/admin/all-tasks:: Запрос успешен.
2026-04-15 16:55:07,129 - root - INFO - auth/login:: Запрос успешен.
2026-04-15 16:55:07,243 - root - INFO - stats/admin/all-tasks:: Запрос успешен.
2026-04-15 16:55:07,296 - root - INFO - stats/admin/all-tasks:: Запрос успешен.
2026-04-15 16:55:12,109 - root - INFO - auth/login:: Запрос успешен.
2026-04-15 16:55:17,576 - root - INFO - auth/login:: Запрос успешен.
2026-04-15 16:55:17,814 - root - INFO - auth/login:: Запрос успешен.
2026-04-15 16:55:17,827 - root - INFO - stats/admin/all-boards:: Запрос успешен.
2026-04-15 16:55:18,060 - root - INFO - auth/login:: Запрос успешен.
2026-04-15 16:55:18,299 - root - INFO - auth/login:: Запрос успешен.
2026-04-15 16:55:18,538 - root - INFO - auth/login:: Запрос успешен.
2026-04-15 16:55:18,546 - root - INFO - stats/admin/all-boards:: Запрос успешен.
2026-04-15 16:55:18,775 - root - INFO - auth/login:: Запрос успешен.
2026-04-15 16:55:39,906 - root - INFO - auth/login:: Запрос успешен.
2026-04-15 16:55:39,915 - root - INFO - stats/dashboard:: Запрос успешен.
2026-04-15 16:55:40,147 - root - INFO - auth/login:: Запрос успешен.
2026-04-15 16:55:40,158 - root - INFO - stats/tasks:: Запрос успешен.
2026-04-15 16:55:40,407 - root - INFO - auth/login:: Запрос успешен.
2026-04-15 16:55:40,649 - root - INFO - auth/login:: Запрос успешен.
2026-04-15 16:55:40,657 - root - INFO - stats/users/1/activity:: Запрос успешен.
2026-04-15 16:58:18,090 - root - INFO - auth/login:: Запрос успешен.
2026-04-15 16:58:18,108 - root - INFO - stats/admin/all-tasks:: Запрос успешен.
2026-04-15 16:58:18,351 - root - INFO - auth/login:: Запрос успешен.
2026-04-15 16:58:18,469 - root - INFO - stats/admin/all-tasks:: Запрос успешен.
2026-04-15 16:58:18,525 - root - INFO - stats/admin/all-tasks:: Запрос успешен.
2026-04-15 16:58:18,756 - root - INFO - auth/login:: Запрос успешен.
2026-04-15 16:58:18,882 - root - INFO - stats/admin/all-tasks:: Запрос успешен.
2026-04-15 16:58:18,945 - root - INFO - stats/admin/all-tasks:: Запрос успешен.
2026-04-15 16:58:19,181 - root - INFO - auth/login:: Запрос успешен.
2026-04-15 16:58:19,292 - root - INFO - stats/admin/all-tasks:: Запрос успешен.
2026-04-15 16:58:19,358 - root - INFO - stats/admin/all-tasks:: Запрос успешен.
2026-04-15 16:58:19,601 - root - INFO - auth/login:: Запрос успешен.
2026-04-15 16:58:19,845 - root - INFO - auth/login:: Запрос успешен.
2026-04-15 16:58:20,086 - root - INFO - auth/login:: Запрос успешен.
2026-04-15 16:58:20,199 - root - INFO - stats/admin/all-tasks:: Запрос успешен.
2026-04-15 16:58:20,290 - root - INFO - stats/admin/all-tasks:: Запрос успешен.
2026-04-15 16:58:20,523 - root - INFO - auth/login:: Запрос успешен.
2026-04-15 16:58:20,767 - root - INFO - auth/login:: Запрос успешен.
2026-04-15 16:58:21,006 - root - INFO - auth/login:: Запрос успешен.
2026-04-15 16:58:21,120 - root - INFO - stats/admin/all-tasks:: Запрос успешен.
2026-04-15 16:58:21,166 - root - INFO - stats/admin/all-tasks:: Запрос успешен.
2026-04-15 16:58:21,411 - root - INFO - auth/login:: Запрос успешен.
2026-04-15 16:58:21,442 - root - INFO - stats/admin/all-tasks:: Запрос успешен.
2026-04-15 16:58:21,696 - root - INFO - auth/login:: Запрос успешен.
2026-04-15 16:58:21,809 - root - INFO - stats/admin/all-tasks:: Запрос успешен.
2026-04-15 16:58:21,836 - root - INFO - stats/admin/all-tasks:: Запрос успешен.
2026-04-15 16:58:22,080 - root - INFO - auth/login:: Запрос успешен.
2026-04-15 16:58:22,090 - root - INFO - stats/users/1/activity:: Запрос успешен.
2026-04-15 16:58:22,350 - root - INFO - auth/login:: Запрос успешен.
2026-04-15 16:58:22,357 - root - INFO - stats/tasks:: Запрос успешен.
2026-04-15 16:58:22,591 - root - INFO - auth/login:: Запрос успешен.
2026-04-15 16:58:22,831 - root - INFO - auth/login:: Запрос успешен.
2026-04-15 16:58:22,839 - root - INFO - stats/dashboard:: Запрос успешен.
2026-04-15 16:58:28,212 - root - INFO - auth/login:: Запрос успешен.
2026-04-15 16:58:28,448 - root - INFO - auth/login:: Запрос успешен.
2026-04-15 16:58:28,685 - root - INFO - auth/login:: Запрос успешен.
2026-04-15 16:58:28,926 - root - INFO - auth/login:: Запрос успешен.
2026-04-15 16:58:28,934 - root - INFO - stats/admin/all-boards:: Запрос успешен.
2026-04-15 16:58:29,170 - root - INFO - auth/login:: Запрос успешен.
2026-04-15 16:58:29,181 - root - INFO - stats/admin/all-boards:: Запрос успешен.
2026-04-15 16:58:29,411 - root - INFO - auth/login:: Запрос успешен.
2026-04-15 16:58:45,778 - root - INFO - auth/login:: Запрос успешен.
2026-04-15 17:04:13,757 - root - INFO - auth/login:: Запрос успешен.
2026-04-15 17:04:13,767 - root - INFO - stats/dashboard:: Запрос успешен.
2026-04-15 17:04:14,026 - root - INFO - auth/login:: Запрос успешен.
2026-04-15 17:04:14,035 - root - INFO - stats/users/1/activity:: Запрос успешен.
2026-04-15 17:04:14,266 - root - INFO - auth/login:: Запрос успешен.
2026-04-15 17:04:14,274 - root - INFO - stats/tasks:: Запрос успешен.
2026-04-15 17:04:14,507 - root - INFO - auth/login:: Запрос успешен.
2026-04-15 17:04:14,749 - root - INFO - auth/login:: Запрос успешен.
2026-04-15 17:04:14,985 - root - INFO - auth/login:: Запрос успешен.
2026-04-15 17:04:15,223 - root - INFO - auth/login:: Запрос успешен.
2026-04-15 17:04:15,231 - root - INFO - stats/admin/all-boards:: Запрос успешен.
2026-04-15 17:04:15,465 - root - INFO - auth/login:: Запрос успешен.
2026-04-15 17:04:15,475 - root - INFO - stats/admin/all-boards:: Запрос успешен.
2026-04-15 17:04:15,707 - root - INFO - auth/login:: Запрос успешен.
2026-04-15 17:04:15,945 - root - INFO - auth/login:: Запрос успешен.
2026-04-15 17:04:16,181 - root - INFO - auth/login:: Запрос успешен.
2026-04-15 17:04:16,421 - root - INFO - auth/login:: Запрос успешен.
2026-04-15 17:04:16,659 - root - INFO - auth/login:: Запрос успешен.
2026-04-15 17:04:16,770 - root - INFO - stats/admin/all-tasks:: Запрос успешен.
2026-04-15 17:04:16,852 - root - INFO - stats/admin/all-tasks:: Запрос успешен.
2026-04-15 17:04:17,089 - root - INFO - auth/login:: Запрос успешен.
2026-04-15 17:04:17,349 - root - INFO - auth/login:: Запрос успешен.
2026-04-15 17:04:17,583 - root - INFO - auth/login:: Запрос успешен.
2026-04-15 17:04:17,695 - root - INFO - stats/admin/all-tasks:: Запрос успешен.
2026-04-15 17:04:17,767 - root - INFO - stats/admin/all-tasks:: Запрос успешен.
2026-04-15 17:04:18,001 - root - INFO - auth/login:: Запрос успешен.
2026-04-15 17:04:18,113 - root - INFO - stats/admin/all-tasks:: Запрос успешен.
2026-04-15 17:04:18,165 - root - INFO - stats/admin/all-tasks:: Запрос успешен.
2026-04-15 17:04:18,399 - root - INFO - auth/login:: Запрос успешен.
2026-04-15 17:04:18,637 - root - INFO - auth/login:: Запрос успешен.
2026-04-15 17:04:18,654 - root - INFO - stats/admin/all-tasks:: Запрос успешен.
2026-04-15 17:04:18,883 - root - INFO - auth/login:: Запрос успешен.
2026-04-15 17:04:18,996 - root - INFO - stats/admin/all-tasks:: Запрос успешен.
2026-04-15 17:04:19,020 - root - INFO - stats/admin/all-tasks:: Запрос успешен.
2026-04-15 17:04:19,250 - root - INFO - auth/login:: Запрос успешен.
2026-04-15 17:04:19,366 - root - INFO - stats/admin/all-tasks:: Запрос успешен.
2026-04-15 17:04:19,422 - root - INFO - stats/admin/all-tasks:: Запрос успешен.
2026-04-15 17:04:19,656 - root - INFO - auth/login:: Запрос успешен.
2026-04-15 17:04:19,672 - root - INFO - stats/admin/all-tasks:: Запрос успешен.
2026-04-15 17:04:19,905 - root - INFO - auth/login:: Запрос успешен.
2026-04-15 17:04:20,017 - root - INFO - stats/admin/all-tasks:: Запрос успешен.
2026-04-15 17:04:20,060 - root - INFO - stats/admin/all-tasks:: Запрос успешен.
2026-04-22 22:15:00,687 - root - INFO - auth/login:: Запрос успешен.
2026-04-22 22:15:01,266 - root - INFO - auth/login:: Запрос успешен.
2026-04-22 22:15:01,816 - root - INFO - auth/login:: Запрос успешен.
2026-04-22 22:15:01,831 - root - INFO - stats/admin/all-boards:: Запрос успешен.
2026-04-22 22:15:02,611 - root - INFO - auth/login:: Запрос успешен.
2026-04-22 22:15:02,663 - root - INFO - stats/admin/all-boards:: Запрос успешен.
2026-04-22 22:15:03,282 - root - INFO - auth/login:: Запрос успешен.
2026-04-22 22:15:03,546 - root - INFO - auth/login:: Запрос успешен.
2026-04-22 22:15:04,222 - root - INFO - auth/login:: Запрос успешен.
2026-04-22 22:15:04,905 - root - INFO - auth/login:: Запрос успешен.
2026-04-22 22:15:04,927 - root - INFO - stats/tasks:: Запрос успешен.
2026-04-22 22:15:05,704 - root - INFO - auth/login:: Запрос успешен.
2026-04-22 22:15:05,715 - root - INFO - stats/dashboard:: Запрос успешен.
2026-04-22 22:15:06,605 - root - INFO - auth/login:: Запрос успешен.
2026-04-22 22:15:06,620 - root - INFO - stats/users/1/activity:: Запрос успешен.
2026-04-22 22:15:14,754 - root - INFO - auth/login:: Запрос успешен.
2026-04-22 22:15:22,140 - root - INFO - auth/login:: Запрос успешен.
2026-04-22 22:15:22,356 - root - INFO - stats/admin/all-tasks:: Запрос успешен.
2026-04-22 22:15:22,415 - root - INFO - stats/admin/all-tasks:: Запрос успешен.
2026-04-22 22:15:22,676 - root - INFO - auth/login:: Запрос успешен.
2026-04-22 22:15:22,914 - root - INFO - stats/admin/all-tasks:: Запрос успешен.
2026-04-22 22:15:23,024 - root - INFO - stats/admin/all-tasks:: Запрос успешен.
2026-04-22 22:15:23,382 - root - INFO - auth/login:: Запрос успешен.
2026-04-22 22:15:23,510 - root - INFO - stats/admin/all-tasks:: Запрос успешен.
2026-04-22 22:15:23,603 - root - INFO - stats/admin/all-tasks:: Запрос успешен.
2026-04-22 22:15:23,955 - root - INFO - auth/login:: Запрос успешен.
2026-04-22 22:15:23,978 - root - INFO - stats/admin/all-tasks:: Запрос успешен.
2026-04-22 22:15:24,282 - root - INFO - auth/login:: Запрос успешен.
2026-04-22 22:15:24,301 - root - INFO - stats/admin/all-tasks:: Запрос успешен.
2026-04-22 22:15:24,545 - root - INFO - auth/login:: Запрос успешен.
2026-04-22 22:15:24,924 - root - INFO - auth/login:: Запрос успешен.
2026-04-22 22:15:25,181 - root - INFO - auth/login:: Запрос успешен.
2026-04-22 22:15:25,363 - root - INFO - stats/admin/all-tasks:: Запрос успешен.
2026-04-22 22:15:25,418 - root - INFO - stats/admin/all-tasks:: Запрос успешен.
2026-04-22 22:15:25,967 - root - INFO - auth/login:: Запрос успешен.
2026-04-22 22:15:26,267 - root - INFO - auth/login:: Запрос успешен.
2026-04-22 22:15:26,712 - root - INFO - auth/login:: Запрос успешен.
2026-04-22 22:15:26,877 - root - INFO - stats/admin/all-tasks:: Запрос успешен.
2026-04-22 22:15:26,946 - root - INFO - stats/admin/all-tasks:: Запрос успешен.
2026-04-22 22:15:27,447 - root - INFO - auth/login:: Запрос успешен.
2026-04-22 22:15:27,717 - root - INFO - stats/admin/all-tasks:: Запрос успешен.
2026-04-22 22:15:27,872 - root - INFO - stats/admin/all-tasks:: Запрос успешен.
2026-04-22 22:16:13,867 - root - INFO - auth/login:: Запрос успешен.
2026-04-22 22:16:13,879 - root - INFO - stats/admin/all-boards:: Запрос успешен.
2026-04-22 22:16:14,525 - root - INFO - auth/login:: Запрос успешен.
2026-04-22 22:16:14,573 - root - INFO - stats/admin/all-boards:: Запрос успешен.
2026-04-22 22:16:15,198 - root - INFO - auth/login:: Запрос успешен.
2026-04-22 22:16:15,525 - root - INFO - auth/login:: Запрос успешен.
2026-04-22 22:16:15,847 - root - INFO - auth/login:: Запрос успешен.
2026-04-22 22:16:16,607 - root - INFO - auth/login:: Запрос успешен.
2026-04-22 22:16:17,075 - root - INFO - auth/login:: Запрос успешен.
2026-04-22 22:16:46,749 - root - INFO - auth/login:: Запрос успешен.
2026-04-22 22:16:46,776 - root - INFO - stats/admin/all-tasks:: Запрос успешен.
2026-04-22 22:16:47,183 - root - INFO - auth/login:: Запрос успешен.
2026-04-22 22:16:47,568 - root - INFO - stats/admin/all-tasks:: Запрос успешен.
2026-04-22 22:16:47,697 - root - INFO - stats/admin/all-tasks:: Запрос успешен.
2026-04-22 22:16:47,990 - root - INFO - auth/login:: Запрос успешен.
2026-04-22 22:16:48,151 - root - INFO - stats/admin/all-tasks:: Запрос успешен.
2026-04-22 22:16:48,292 - root - INFO - stats/admin/all-tasks:: Запрос успешен.
2026-04-22 22:16:48,627 - root - INFO - auth/login:: Запрос успешен.
2026-04-22 22:16:48,783 - root - INFO - stats/admin/all-tasks:: Запрос успешен.
2026-04-22 22:16:48,846 - root - INFO - stats/admin/all-tasks:: Запрос успешен.
2026-04-22 22:16:49,134 - root - INFO - auth/login:: Запрос успешен.
2026-04-22 22:16:49,342 - root - INFO - stats/admin/all-tasks:: Запрос успешен.
2026-04-22 22:16:49,459 - root - INFO - stats/admin/all-tasks:: Запрос успешен.
2026-04-22 22:16:49,820 - root - INFO - auth/login:: Запрос успешен.
2026-04-22 22:16:50,306 - root - INFO - auth/login:: Запрос успешен.
2026-04-22 22:16:50,578 - root - INFO - auth/login:: Запрос успешен.
2026-04-22 22:16:50,901 - root - INFO - auth/login:: Запрос успешен.
2026-04-22 22:16:51,160 - root - INFO - stats/admin/all-tasks:: Запрос успешен.
2026-04-22 22:16:51,185 - root - INFO - stats/admin/all-tasks:: Запрос успешен.
2026-04-22 22:16:51,557 - root - INFO - auth/login:: Запрос успешен.
2026-04-22 22:16:51,574 - root - INFO - stats/admin/all-tasks:: Запрос успешен.
2026-04-22 22:16:51,932 - root - INFO - auth/login:: Запрос успешен.
2026-04-22 22:16:52,252 - root - INFO - auth/login:: Запрос успешен.
2026-04-22 22:16:52,373 - root - INFO - stats/admin/all-tasks:: Запрос успешен.
2026-04-22 22:16:52,505 - root - INFO - stats/admin/all-tasks:: Запрос успешен.
2026-04-22 22:16:52,814 - root - INFO - auth/login:: Запрос успешен.
2026-04-22 22:16:53,074 - root - INFO - auth/login:: Запрос успешен.
2026-04-22 22:16:53,085 - root - INFO - stats/tasks:: Запрос успешен.
2026-04-22 22:16:54,029 - root - INFO - auth/login:: Запрос успешен.
2026-04-22 22:16:54,070 - root - INFO - stats/users/1/activity:: Запрос успешен.
2026-04-22 22:16:54,947 - root - INFO - auth/login:: Запрос успешен.
2026-04-22 22:16:54,964 - root - INFO - stats/dashboard:: Запрос успешен.
2026-04-22 22:18:30,035 - root - INFO - auth/login:: Запрос успешен.
2026-04-22 22:18:30,365 - root - INFO - auth/login:: Запрос успешен.
2026-04-22 22:18:30,616 - root - INFO - auth/login:: Запрос успешен.
2026-04-22 22:18:30,940 - root - INFO - auth/login:: Запрос успешен.
2026-04-22 22:18:31,332 - root - INFO - auth/login:: Запрос успешен.
2026-04-22 22:18:31,350 - root - INFO - stats/admin/all-tasks:: Запрос успешен.
2026-04-22 22:18:31,598 - root - INFO - auth/login:: Запрос успешен.
2026-04-22 22:18:31,804 - root - INFO - stats/admin/all-tasks:: Запрос успешен.
2026-04-22 22:18:32,047 - root - INFO - stats/admin/all-tasks:: Запрос успешен.
2026-04-22 22:18:32,577 - root - INFO - auth/login:: Запрос успешен.
2026-04-22 22:18:32,704 - root - INFO - stats/admin/all-tasks:: Запрос успешен.
2026-04-22 22:18:32,758 - root - INFO - stats/admin/all-tasks:: Запрос успешен.
2026-04-22 22:18:33,511 - root - INFO - auth/login:: Запрос успешен.
2026-04-22 22:18:33,709 - root - INFO - stats/admin/all-tasks:: Запрос успешен.
2026-04-22 22:18:33,900 - root - INFO - stats/admin/all-tasks:: Запрос успешен.
2026-04-22 22:18:34,258 - root - INFO - auth/login:: Запрос успешен.
2026-04-22 22:18:34,279 - root - INFO - stats/admin/all-tasks:: Запрос успешен.
2026-04-22 22:18:34,532 - root - INFO - auth/login:: Запрос успешен.
2026-04-22 22:18:34,656 - root - INFO - stats/admin/all-tasks:: Запрос успешен.
2026-04-22 22:18:34,718 - root - INFO - stats/admin/all-tasks:: Запрос успешен.
2026-04-22 22:18:35,099 - root - INFO - auth/login:: Запрос успешен.
2026-04-22 22:18:35,311 - root - INFO - stats/admin/all-tasks:: Запрос успешен.
2026-04-22 22:18:35,476 - root - INFO - stats/admin/all-tasks:: Запрос успешен.
2026-04-22 22:18:35,847 - root - INFO - auth/login:: Запрос успешен.
2026-04-22 22:18:36,038 - root - INFO - stats/admin/all-tasks:: Запрос успешен.
2026-04-22 22:18:36,063 - root - INFO - stats/admin/all-tasks:: Запрос успешен.
2026-04-22 22:18:36,742 - root - INFO - auth/login:: Запрос успешен.
2026-04-22 22:18:36,762 - root - INFO - stats/tasks:: Запрос успешен.
2026-04-22 22:18:37,298 - root - INFO - auth/login:: Запрос успешен.
2026-04-22 22:18:37,596 - root - INFO - auth/login:: Запрос успешен.
2026-04-22 22:18:37,605 - root - INFO - stats/dashboard:: Запрос успешен.
2026-04-22 22:18:37,899 - root - INFO - auth/login:: Запрос успешен.
2026-04-22 22:18:37,909 - root - INFO - stats/users/1/activity:: Запрос успешен.
2026-04-22 22:19:07,250 - root - INFO - auth/login:: Запрос успешен.
2026-04-22 22:19:14,746 - root - INFO - auth/login:: Запрос успешен.
2026-04-22 22:19:15,116 - root - INFO - auth/login:: Запрос успешен.
2026-04-22 22:19:15,127 - root - INFO - stats/admin/all-boards:: Запрос успешен.
2026-04-22 22:19:15,501 - root - INFO - auth/login:: Запрос успешен.
2026-04-22 22:19:15,793 - root - INFO - auth/login:: Запрос успешен.
2026-04-22 22:19:16,061 - root - INFO - auth/login:: Запрос успешен.
2026-04-22 22:19:16,815 - root - INFO - auth/login:: Запрос успешен.
2026-04-22 22:19:16,853 - root - INFO - stats/admin/all-boards:: Запрос успешен.
2026-04-22 22:20:48,109 - root - INFO - auth/login:: Запрос успешен.
2026-04-22 22:20:48,118 - root - INFO - stats/users/1/activity:: Запрос успешен.
2026-04-22 22:20:48,450 - root - INFO - auth/login:: Запрос успешен.
2026-04-22 22:20:48,458 - root - INFO - stats/tasks:: Запрос успешен.
2026-04-22 22:20:48,705 - root - INFO - auth/login:: Запрос успешен.
2026-04-22 22:20:48,714 - root - INFO - stats/dashboard:: Запрос успешен.
2026-04-22 22:20:49,303 - root - INFO - auth/login:: Запрос успешен.
2026-04-22 22:21:16,251 - root - INFO - auth/login:: Запрос успешен.
2026-04-22 22:21:17,015 - root - INFO - auth/login:: Запрос успешен.
2026-04-22 22:21:17,874 - root - INFO - auth/login:: Запрос успешен.
2026-04-22 22:21:18,660 - root - INFO - auth/login:: Запрос успешен.
2026-04-22 22:21:18,674 - root - INFO - stats/admin/all-boards:: Запрос успешен.
2026-04-22 22:21:19,311 - root - INFO - auth/login:: Запрос успешен.
2026-04-22 22:21:19,349 - root - INFO - stats/admin/all-boards:: Запрос успешен.
2026-04-22 22:21:20,214 - root - INFO - auth/login:: Запрос успешен.
2026-04-22 22:21:30,305 - root - INFO - auth/login:: Запрос успешен.
2026-04-22 22:21:30,547 - root - INFO - stats/admin/all-tasks:: Запрос успешен.
2026-04-22 22:21:30,637 - root - INFO - stats/admin/all-tasks:: Запрос успешен.
2026-04-22 22:21:31,127 - root - INFO - auth/login:: Запрос успешен.
2026-04-22 22:21:31,647 - root - INFO - auth/login:: Запрос успешен.
2026-04-22 22:21:31,954 - root - INFO - stats/admin/all-tasks:: Запрос успешен.
2026-04-22 22:21:32,046 - root - INFO - stats/admin/all-tasks:: Запрос успешен.
2026-04-22 22:21:32,621 - root - INFO - auth/login:: Запрос успешен.
2026-04-22 22:21:33,082 - root - INFO - stats/admin/all-tasks:: Запрос успешен.
2026-04-22 22:21:33,136 - root - INFO - stats/admin/all-tasks:: Запрос успешен.
2026-04-22 22:21:33,457 - root - INFO - auth/login:: Запрос успешен.
2026-04-22 22:21:34,168 - root - INFO - auth/login:: Запрос успешен.
2026-04-22 22:21:34,511 - root - INFO - stats/admin/all-tasks:: Запрос успешен.
2026-04-22 22:21:34,762 - root - INFO - stats/admin/all-tasks:: Запрос успешен.
2026-04-22 22:21:35,496 - root - INFO - auth/login:: Запрос успешен.
2026-04-22 22:21:35,679 - root - INFO - stats/admin/all-tasks:: Запрос успешен.
2026-04-22 22:21:36,240 - root - INFO - auth/login:: Запрос успешен.
2026-04-22 22:21:36,590 - root - INFO - stats/admin/all-tasks:: Запрос успешен.
2026-04-22 22:21:36,749 - root - INFO - stats/admin/all-tasks:: Запрос успешен.
2026-04-22 22:21:37,109 - root - INFO - auth/login:: Запрос успешен.
2026-04-22 22:21:37,753 - root - INFO - auth/login:: Запрос успешен.
2026-04-22 22:21:38,698 - root - INFO - auth/login:: Запрос успешен.
2026-04-22 22:21:38,750 - root - INFO - stats/admin/all-tasks:: Запрос успешен.
2026-04-22 22:21:39,280 - root - INFO - auth/login:: Запрос успешен.
2026-04-22 22:21:39,883 - root - INFO - stats/admin/all-tasks:: Запрос успешен.
2026-04-22 22:21:40,056 - root - INFO - stats/admin/all-tasks:: Запрос успешен.
2026-04-22 22:21:48,088 - root - INFO - auth/login:: Запрос успешен.
2026-04-22 22:31:40,347 - root - INFO - auth/login:: Запрос успешен.
2026-04-22 22:31:40,828 - root - INFO - auth/login:: Запрос успешен.
2026-04-22 22:31:41,948 - root - INFO - auth/login:: Запрос успешен.
2026-04-22 22:31:41,987 - root - INFO - stats/admin/all-boards:: Запрос успешен.
2026-04-22 22:31:42,485 - root - INFO - auth/login:: Запрос успешен.
2026-04-22 22:31:42,496 - root - INFO - stats/admin/all-boards:: Запрос успешен.
2026-04-22 22:31:43,235 - root - INFO - auth/login:: Запрос успешен.
2026-04-22 22:31:44,046 - root - INFO - auth/login:: Запрос успешен.
2026-04-22 22:31:44,719 - root - INFO - auth/login:: Запрос успешен.
2026-04-22 22:31:44,740 - root - INFO - stats/admin/all-tasks:: Запрос успешен.
2026-04-22 22:31:45,559 - root - INFO - auth/login:: Запрос успешен.
2026-04-22 22:31:45,755 - root - INFO - stats/admin/all-tasks:: Запрос успешен.
2026-04-22 22:31:45,863 - root - INFO - stats/admin/all-tasks:: Запрос успешен.
2026-04-22 22:31:46,473 - root - INFO - auth/login:: Запрос успешен.
2026-04-22 22:31:46,854 - root - INFO - auth/login:: Запрос успешен.
2026-04-22 22:31:47,143 - root - INFO - auth/login:: Запрос успешен.
2026-04-22 22:31:47,766 - root - INFO - auth/login:: Запрос успешен.
2026-04-22 22:31:48,016 - root - INFO - auth/login:: Запрос успешен.
2026-04-22 22:31:48,036 - root - INFO - stats/admin/all-tasks:: Запрос успешен.
2026-04-22 22:31:48,348 - root - INFO - auth/login:: Запрос успешен.
2026-04-22 22:31:48,729 - root - INFO - stats/admin/all-tasks:: Запрос успешен.
2026-04-22 22:31:48,898 - root - INFO - stats/admin/all-tasks:: Запрос успешен.
2026-04-22 22:31:49,534 - root - INFO - auth/login:: Запрос успешен.
2026-04-22 22:31:49,819 - root - INFO - stats/admin/all-tasks:: Запрос успешен.
2026-04-22 22:31:50,087 - root - INFO - stats/admin/all-tasks:: Запрос успешен.
2026-04-22 22:31:50,673 - root - INFO - auth/login:: Запрос успешен.
2026-04-22 22:31:51,057 - root - INFO - stats/admin/all-tasks:: Запрос успешен.
2026-04-22 22:31:51,211 - root - INFO - stats/admin/all-tasks:: Запрос успешен.
2026-04-22 22:31:51,798 - root - INFO - auth/login:: Запрос успешен.
2026-04-22 22:31:52,246 - root - INFO - stats/admin/all-tasks:: Запрос успешен.
2026-04-22 22:31:52,415 - root - INFO - stats/admin/all-tasks:: Запрос успешен.
2026-04-22 22:31:52,736 - root - INFO - auth/login:: Запрос успешен.
2026-04-22 22:31:52,932 - root - INFO - stats/admin/all-tasks:: Запрос успешен.
2026-04-22 22:31:52,984 - root - INFO - stats/admin/all-tasks:: Запрос успешен.
2026-04-22 22:31:53,674 - root - INFO - auth/login:: Запрос успешен.
2026-04-22 22:32:01,632 - root - INFO - auth/login:: Запрос успешен.
2026-04-22 22:32:01,641 - root - INFO - stats/users/1/activity:: Запрос успешен.
2026-04-22 22:32:02,035 - root - INFO - auth/login:: Запрос успешен.
2026-04-22 22:32:02,785 - root - INFO - auth/login:: Запрос успешен.
2026-04-22 22:32:02,798 - root - INFO - stats/dashboard:: Запрос успешен.
2026-04-22 22:32:03,393 - root - INFO - auth/login:: Запрос успешен.
2026-04-22 22:32:03,433 - root - INFO - stats/tasks:: Запрос успешен.
2026-04-23 00:05:24,966 - root - INFO - auth/login:: Запрос успешен.
2026-04-23 00:05:49,628 - root - INFO - auth/login:: Запрос успешен.
2026-04-23 00:05:49,674 - root - INFO - stats/admin/all-tasks:: Запрос успешен.
2026-04-23 00:05:50,040 - root - INFO - auth/login:: Запрос успешен.
2026-04-23 00:05:50,378 - root - INFO - stats/admin/all-tasks:: Запрос успешен.
2026-04-23 00:05:50,528 - root - INFO - stats/admin/all-tasks:: Запрос успешен.
2026-04-23 00:05:50,884 - root - INFO - auth/login:: Запрос успешен.
2026-04-23 00:05:51,118 - root - INFO - stats/admin/all-tasks:: Запрос успешен.
2026-04-23 00:05:51,762 - root - INFO - stats/admin/all-tasks:: Запрос успешен.
2026-04-23 00:05:52,137 - root - INFO - auth/login:: Запрос успешен.
2026-04-23 00:05:52,863 - root - INFO - stats/admin/all-tasks:: Запрос успешен.
2026-04-23 00:05:52,973 - root - INFO - stats/admin/all-tasks:: Запрос успешен.
2026-04-23 00:05:53,393 - root - INFO - auth/login:: Запрос успешен.
2026-04-23 00:05:53,886 - root - INFO - auth/login:: Запрос успешен.
2026-04-23 00:05:54,240 - root - INFO - stats/admin/all-tasks:: Запрос успешен.
2026-04-23 00:05:54,443 - root - INFO - stats/admin/all-tasks:: Запрос успешен.
2026-04-23 00:05:54,924 - root - INFO - auth/login:: Запрос успешен.
2026-04-23 00:05:55,282 - root - INFO - stats/admin/all-tasks:: Запрос успешен.
2026-04-23 00:05:55,420 - root - INFO - stats/admin/all-tasks:: Запрос успешен.
2026-04-23 00:05:55,819 - root - INFO - auth/login:: Запрос успешен.
2026-04-23 00:05:55,859 - root - INFO - stats/admin/all-tasks:: Запрос успешен.
2026-04-23 00:05:56,228 - root - INFO - auth/login:: Запрос успешен.
2026-04-23 00:05:56,627 - root - INFO - auth/login:: Запрос успешен.
2026-04-23 00:05:57,016 - root - INFO - auth/login:: Запрос успешен.
2026-04-23 00:05:57,430 - root - INFO - auth/login:: Запрос успешен.
2026-04-23 00:05:57,683 - root - INFO - stats/admin/all-tasks:: Запрос успешен.
2026-04-23 00:05:57,767 - root - INFO - stats/admin/all-tasks:: Запрос успешен.
2026-04-23 00:06:06,519 - root - INFO - auth/login:: Запрос успешен.
2026-04-23 00:06:06,542 - root - INFO - stats/admin/all-boards:: Запрос успешен.
2026-04-23 00:06:07,004 - root - INFO - auth/login:: Запрос успешен.
2026-04-23 00:06:07,032 - root - INFO - stats/admin/all-boards:: Запрос успешен.
2026-04-23 00:06:07,460 - root - INFO - auth/login:: Запрос успешен.
2026-04-23 00:06:07,887 - root - INFO - auth/login:: Запрос успешен.
2026-04-23 00:06:08,274 - root - INFO - auth/login:: Запрос успешен.
2026-04-23 00:06:08,640 - root - INFO - auth/login:: Запрос успешен.
2026-04-23 00:06:09,022 - root - INFO - auth/login:: Запрос успешен.
2026-04-23 00:06:09,043 - root - INFO - stats/dashboard:: Запрос успешен.
2026-04-23 00:06:09,430 - root - INFO - auth/login:: Запрос успешен.
2026-04-23 00:06:09,469 - root - INFO - stats/users/1/activity:: Запрос успешен.
2026-04-23 00:06:09,835 - root - INFO - auth/login:: Запрос успешен.
2026-04-23 00:06:09,851 - root - INFO - stats/tasks:: Запрос успешен.
2026-04-23 00:06:10,213 - root - INFO - auth/login:: Запрос успешен.
2026-04-23 00:10:20,181 - root - INFO - auth/login:: Запрос успешен.
2026-04-23 00:10:20,507 - root - INFO - auth/login:: Запрос успешен.
2026-04-23 00:10:20,546 - root - INFO - stats/admin/all-tasks:: Запрос успешен.
2026-04-23 00:10:20,878 - root - INFO - auth/login:: Запрос успешен.
2026-04-23 00:10:21,222 - root - INFO - auth/login:: Запрос успешен.
2026-04-23 00:10:21,441 - root - INFO - stats/admin/all-tasks:: Запрос успешен.
2026-04-23 00:10:21,495 - root - INFO - stats/admin/all-tasks:: Запрос успешен.
2026-04-23 00:10:21,827 - root - INFO - auth/login:: Запрос успешен.
2026-04-23 00:10:22,052 - root - INFO - stats/admin/all-tasks:: Запрос успешен.
2026-04-23 00:10:22,141 - root - INFO - stats/admin/all-tasks:: Запрос успешен.
2026-04-23 00:10:22,510 - root - INFO - auth/login:: Запрос успешен.
2026-04-23 00:10:22,901 - root - INFO - auth/login:: Запрос успешен.
2026-04-23 00:10:22,944 - root - INFO - stats/admin/all-tasks:: Запрос успешен.
2026-04-23 00:10:23,307 - root - INFO - auth/login:: Запрос успешен.
2026-04-23 00:10:23,654 - root - INFO - auth/login:: Запрос успешен.
2026-04-23 00:10:24,001 - root - INFO - auth/login:: Запрос успешен.
2026-04-23 00:10:24,226 - root - INFO - stats/admin/all-tasks:: Запрос успешен.
2026-04-23 00:10:24,340 - root - INFO - stats/admin/all-tasks:: Запрос успешен.
2026-04-23 00:10:24,695 - root - INFO - auth/login:: Запрос успешен.
2026-04-23 00:10:24,981 - root - INFO - stats/admin/all-tasks:: Запрос успешен.
2026-04-23 00:10:25,099 - root - INFO - stats/admin/all-tasks:: Запрос успешен.
2026-04-23 00:10:25,436 - root - INFO - auth/login:: Запрос успешен.
2026-04-23 00:10:25,758 - root - INFO - stats/admin/all-tasks:: Запрос успешен.
2026-04-23 00:10:25,889 - root - INFO - stats/admin/all-tasks:: Запрос успешен.
2026-04-23 00:10:26,224 - root - INFO - auth/login:: Запрос успешен.
2026-04-23 00:10:26,444 - root - INFO - stats/admin/all-tasks:: Запрос успешен.
2026-04-23 00:10:26,534 - root - INFO - stats/admin/all-tasks:: Запрос успешен.
2026-04-23 00:11:11,414 - root - INFO - auth/login:: Запрос успешен.
2026-04-23 00:11:11,780 - root - INFO - auth/login:: Запрос успешен.
2026-04-23 00:11:12,134 - root - INFO - auth/login:: Запрос успешен.
2026-04-23 00:11:12,153 - root - INFO - stats/admin/all-boards:: Запрос успешен.
2026-04-23 00:11:12,556 - root - INFO - auth/login:: Запрос успешен.
2026-04-23 00:11:13,107 - root - INFO - auth/login:: Запрос успешен.
2026-04-23 00:11:13,481 - root - INFO - auth/login:: Запрос успешен.
2026-04-23 00:11:13,499 - root - INFO - stats/admin/all-boards:: Запрос успешен.
2026-04-23 00:11:13,830 - root - INFO - auth/login:: Запрос успешен.
2026-04-23 00:11:13,849 - root - INFO - stats/users/1/activity:: Запрос успешен.
2026-04-23 00:11:14,182 - root - INFO - auth/login:: Запрос успешен.
2026-04-23 00:11:14,203 - root - INFO - stats/dashboard:: Запрос успешен.
2026-04-23 00:11:14,534 - root - INFO - auth/login:: Запрос успешен.
2026-04-23 00:11:14,555 - root - INFO - stats/tasks:: Запрос успешен.
2026-04-23 00:11:14,970 - root - INFO - auth/login:: Запрос успешен.
2026-04-23 20:06:27,544 - root - INFO - auth/login:: Запрос успешен.
2026-04-23 20:06:27,554 - root - INFO - stats/dashboard:: Запрос успешен.
2026-04-23 20:06:28,013 - root - INFO - auth/login:: Запрос успешен.
2026-04-23 20:06:28,255 - root - INFO - auth/login:: Запрос успешен.
2026-04-23 20:06:28,269 - root - INFO - stats/users/1/activity:: Запрос успешен.
2026-04-23 20:06:28,511 - root - INFO - auth/login:: Запрос успешен.
2026-04-23 20:06:28,519 - root - INFO - stats/tasks:: Запрос успешен.
2026-04-23 20:06:28,759 - root - INFO - auth/login:: Запрос успешен.
2026-04-23 20:06:38,877 - root - INFO - auth/login:: Запрос успешен.
2026-04-23 20:06:38,887 - root - INFO - stats/admin/all-boards:: Запрос успешен.
2026-04-23 20:06:39,121 - root - INFO - auth/login:: Запрос успешен.
2026-04-23 20:06:39,392 - root - INFO - auth/login:: Запрос успешен.
2026-04-23 20:06:39,410 - root - INFO - stats/admin/all-boards:: Запрос успешен.
2026-04-23 20:06:39,667 - root - INFO - auth/login:: Запрос успешен.
2026-04-23 20:06:39,909 - root - INFO - auth/login:: Запрос успешен.
2026-04-23 20:06:40,152 - root - INFO - auth/login:: Запрос успешен.
2026-04-23 20:06:50,493 - root - INFO - auth/login:: Запрос успешен.
2026-04-23 20:06:50,732 - root - INFO - auth/login:: Запрос успешен.
2026-04-23 20:06:50,881 - root - INFO - stats/admin/all-tasks:: Запрос успешен.
2026-04-23 20:06:50,909 - root - INFO - stats/admin/all-tasks:: Запрос успешен.
2026-04-23 20:06:51,154 - root - INFO - auth/login:: Запрос успешен.
2026-04-23 20:06:51,527 - root - INFO - auth/login:: Запрос успешен.
2026-04-23 20:06:51,802 - root - INFO - auth/login:: Запрос успешен.
2026-04-23 20:06:52,098 - root - INFO - auth/login:: Запрос успешен.
2026-04-23 20:06:52,466 - root - INFO - stats/admin/all-tasks:: Запрос успешен.
2026-04-23 20:06:52,622 - root - INFO - stats/admin/all-tasks:: Запрос успешен.
2026-04-23 20:06:53,139 - root - INFO - auth/login:: Запрос успешен.
2026-04-23 20:06:53,674 - root - INFO - stats/admin/all-tasks:: Запрос успешен.
2026-04-23 20:06:53,802 - root - INFO - stats/admin/all-tasks:: Запрос успешен.
2026-04-23 20:06:54,130 - root - INFO - auth/login:: Запрос успешен.
2026-04-23 20:06:54,166 - root - INFO - stats/admin/all-tasks:: Запрос успешен.
2026-04-23 20:06:54,520 - root - INFO - auth/login:: Запрос успешен.
2026-04-23 20:06:54,541 - root - INFO - stats/admin/all-tasks:: Запрос успешен.
2026-04-23 20:06:54,789 - root - INFO - auth/login:: Запрос успешен.
2026-04-23 20:06:54,911 - root - INFO - stats/admin/all-tasks:: Запрос успешен.
2026-04-23 20:06:54,956 - root - INFO - stats/admin/all-tasks:: Запрос успешен.
2026-04-23 20:06:55,196 - root - INFO - auth/login:: Запрос успешен.
2026-04-23 20:06:55,323 - root - INFO - stats/admin/all-tasks:: Запрос успешен.
2026-04-23 20:06:55,369 - root - INFO - stats/admin/all-tasks:: Запрос успешен.
2026-04-23 20:06:55,606 - root - INFO - auth/login:: Запрос успешен.
2026-04-23 20:06:55,734 - root - INFO - stats/admin/all-tasks:: Запрос успешен.
2026-04-23 20:06:55,824 - root - INFO - stats/admin/all-tasks:: Запрос успешен.
2026-04-23 20:08:09,928 - root - INFO - auth/login:: Запрос успешен.
2026-04-23 20:08:10,168 - root - INFO - auth/login:: Запрос успешен.
2026-04-23 20:08:10,180 - root - INFO - stats/admin/all-boards:: Запрос успешен.
2026-04-23 20:08:10,413 - root - INFO - auth/login:: Запрос успешен.
2026-04-23 20:08:10,656 - root - INFO - auth/login:: Запрос успешен.
2026-04-23 20:08:10,901 - root - INFO - auth/login:: Запрос успешен.
2026-04-23 20:08:10,913 - root - INFO - stats/admin/all-boards:: Запрос успешен.
2026-04-23 20:08:11,161 - root - INFO - auth/login:: Запрос успешен.
2026-04-23 20:08:11,411 - root - INFO - auth/login:: Запрос успешен.
2026-04-23 20:08:28,929 - root - INFO - auth/login:: Запрос успешен.
2026-04-23 20:08:29,066 - root - INFO - stats/admin/all-tasks:: Запрос успешен.
2026-04-23 20:08:29,120 - root - INFO - stats/admin/all-tasks:: Запрос успешен.
2026-04-23 20:08:29,363 - root - INFO - auth/login:: Запрос успешен.
2026-04-23 20:08:29,498 - root - INFO - stats/admin/all-tasks:: Запрос успешен.
2026-04-23 20:08:29,584 - root - INFO - stats/admin/all-tasks:: Запрос успешен.
2026-04-23 20:08:29,832 - root - INFO - auth/login:: Запрос успешен.
2026-04-23 20:08:29,956 - root - INFO - stats/admin/all-tasks:: Запрос успешен.
2026-04-23 20:08:30,018 - root - INFO - stats/admin/all-tasks:: Запрос успешен.
2026-04-23 20:08:30,259 - root - INFO - auth/login:: Запрос успешен.
2026-04-23 20:08:30,275 - root - INFO - stats/admin/all-tasks:: Запрос успешен.
2026-04-23 20:08:30,514 - root - INFO - auth/login:: Запрос успешен.
2026-04-23 20:08:30,758 - root - INFO - auth/login:: Запрос успешен.
2026-04-23 20:08:31,016 - root - INFO - auth/login:: Запрос успешен.
2026-04-23 20:08:31,268 - root - INFO - auth/login:: Запрос успешен.
2026-04-23 20:08:31,445 - root - INFO - stats/admin/all-tasks:: Запрос успешен.
2026-04-23 20:08:31,517 - root - INFO - stats/admin/all-tasks:: Запрос успешен.
2026-04-23 20:08:31,762 - root - INFO - auth/login:: Запрос успешен.
2026-04-23 20:08:31,895 - root - INFO - stats/admin/all-tasks:: Запрос успешен.
2026-04-23 20:08:31,920 - root - INFO - stats/admin/all-tasks:: Запрос успешен.
2026-04-23 20:08:32,185 - root - INFO - auth/login:: Запрос успешен.
2026-04-23 20:08:32,202 - root - INFO - stats/admin/all-tasks:: Запрос успешен.
2026-04-23 20:08:32,447 - root - INFO - auth/login:: Запрос успешен.
2026-04-23 20:08:32,580 - root - INFO - stats/admin/all-tasks:: Запрос успешен.
2026-04-23 20:08:32,631 - root - INFO - stats/admin/all-tasks:: Запрос успешен.
2026-04-23 20:08:32,879 - root - INFO - auth/login:: Запрос успешен.
2026-04-23 20:08:54,236 - root - INFO - auth/login:: Запрос успешен.
2026-04-23 20:08:54,244 - root - INFO - stats/tasks:: Запрос успешен.
2026-04-23 20:08:54,502 - root - INFO - auth/login:: Запрос успешен.
2026-04-23 20:08:54,754 - root - INFO - auth/login:: Запрос успешен.
2026-04-23 20:08:54,762 - root - INFO - stats/users/1/activity:: Запрос успешен.
2026-04-23 20:08:54,998 - root - INFO - auth/login:: Запрос успешен.
2026-04-23 20:08:55,007 - root - INFO - stats/dashboard:: Запрос успешен.
2026-04-23 21:24:14,791 - root - INFO - auth/login:: Запрос успешен.
2026-04-23 21:24:14,810 - root - INFO - stats/dashboard:: Запрос успешен.
2026-04-23 21:24:15,450 - root - INFO - auth/login:: Запрос успешен.
2026-04-23 21:24:15,466 - root - INFO - stats/users/1/activity:: Запрос успешен.
2026-04-23 21:24:15,780 - root - INFO - auth/login:: Запрос успешен.
2026-04-23 21:24:16,097 - root - INFO - auth/login:: Запрос успешен.
2026-04-23 21:24:16,112 - root - INFO - stats/tasks:: Запрос успешен.
2026-04-23 21:24:41,441 - root - INFO - auth/login:: Запрос успешен.
2026-04-23 21:24:41,696 - root - INFO - auth/login:: Запрос успешен.
2026-04-23 21:24:41,983 - root - INFO - auth/login:: Запрос успешен.
2026-04-23 21:24:42,315 - root - INFO - auth/login:: Запрос успешен.
2026-04-23 21:24:42,330 - root - INFO - stats/admin/all-boards:: Запрос успешен.
2026-04-23 21:24:42,652 - root - INFO - auth/login:: Запрос успешен.
2026-04-23 21:24:42,986 - root - INFO - auth/login:: Запрос успешен.
2026-04-23 21:24:43,310 - root - INFO - auth/login:: Запрос успешен.
2026-04-23 21:24:43,327 - root - INFO - stats/admin/all-boards:: Запрос успешен.
2026-04-23 21:25:06,301 - root - INFO - auth/login:: Запрос успешен.
2026-04-23 21:25:06,327 - root - INFO - stats/admin/all-tasks:: Запрос успешен.
2026-04-23 21:25:06,593 - root - INFO - auth/login:: Запрос успешен.
2026-04-23 21:25:06,872 - root - INFO - stats/admin/all-tasks:: Запрос успешен.
2026-04-23 21:25:06,965 - root - INFO - stats/admin/all-tasks:: Запрос успешен.
2026-04-23 21:25:07,237 - root - INFO - auth/login:: Запрос успешен.
2026-04-23 21:25:07,430 - root - INFO - stats/admin/all-tasks:: Запрос успешен.
2026-04-23 21:25:07,470 - root - INFO - stats/admin/all-tasks:: Запрос успешен.
2026-04-23 21:25:07,790 - root - INFO - auth/login:: Запрос успешен.
2026-04-23 21:25:08,027 - root - INFO - stats/admin/all-tasks:: Запрос успешен.
2026-04-23 21:25:08,152 - root - INFO - stats/admin/all-tasks:: Запрос успешен.
2026-04-23 21:25:08,772 - root - INFO - auth/login:: Запрос успешен.
2026-04-23 21:25:09,078 - root - INFO - stats/admin/all-tasks:: Запрос успешен.
2026-04-23 21:25:09,220 - root - INFO - stats/admin/all-tasks:: Запрос успешен.
2026-04-23 21:25:09,569 - root - INFO - auth/login:: Запрос успешен.
2026-04-23 21:25:09,794 - root - INFO - stats/admin/all-tasks:: Запрос успешен.
2026-04-23 21:25:09,947 - root - INFO - stats/admin/all-tasks:: Запрос успешен.
2026-04-23 21:25:10,269 - root - INFO - auth/login:: Запрос успешен.
2026-04-23 21:25:10,616 - root - INFO - auth/login:: Запрос успешен.
2026-04-23 21:25:10,893 - root - INFO - stats/admin/all-tasks:: Запрос успешен.
2026-04-23 21:25:10,980 - root - INFO - stats/admin/all-tasks:: Запрос успешен.
2026-04-23 21:25:11,317 - root - INFO - auth/login:: Запрос успешен.
2026-04-23 21:25:11,655 - root - INFO - auth/login:: Запрос успешен.
2026-04-23 21:25:11,684 - root - INFO - stats/admin/all-tasks:: Запрос успешен.
2026-04-23 21:25:11,989 - root - INFO - auth/login:: Запрос успешен.
2026-04-23 21:25:12,323 - root - INFO - auth/login:: Запрос успешен.
2026-04-23 21:27:33,884 - root - INFO - auth/login:: Запрос успешен.
2026-04-23 21:27:34,162 - root - INFO - auth/login:: Запрос успешен.
2026-04-23 21:27:34,558 - root - INFO - auth/login:: Запрос успешен.
2026-04-23 21:27:34,855 - root - INFO - auth/login:: Запрос успешен.
2026-04-23 21:27:35,146 - root - INFO - auth/login:: Запрос успешен.
2026-04-23 21:27:35,162 - root - INFO - stats/admin/all-boards:: Запрос успешен.
2026-04-23 21:27:35,456 - root - INFO - auth/login:: Запрос успешен.
2026-04-23 21:27:35,473 - root - INFO - stats/admin/all-boards:: Запрос успешен.
2026-04-23 21:27:35,752 - root - INFO - auth/login:: Запрос успешен.
2026-04-23 21:28:01,106 - root - INFO - auth/login:: Запрос успешен.
2026-04-23 21:28:01,481 - root - INFO - auth/login:: Запрос успешен.
2026-04-23 21:28:01,499 - root - INFO - stats/users/1/activity:: Запрос успешен.
2026-04-23 21:28:01,800 - root - INFO - auth/login:: Запрос успешен.
2026-04-23 21:28:01,819 - root - INFO - stats/dashboard:: Запрос успешен.
2026-04-23 21:28:02,131 - root - INFO - auth/login:: Запрос успешен.
2026-04-23 21:28:02,144 - root - INFO - stats/tasks:: Запрос успешен.
2026-04-23 21:28:02,432 - root - INFO - auth/login:: Запрос успешен.
2026-04-23 21:28:02,672 - root - INFO - stats/admin/all-tasks:: Запрос успешен.
2026-04-23 21:28:02,755 - root - INFO - stats/admin/all-tasks:: Запрос успешен.
2026-04-23 21:28:03,071 - root - INFO - auth/login:: Запрос успешен.
2026-04-23 21:28:03,282 - root - INFO - stats/admin/all-tasks:: Запрос успешен.
2026-04-23 21:28:03,423 - root - INFO - stats/admin/all-tasks:: Запрос успешен.
2026-04-23 21:28:03,753 - root - INFO - auth/login:: Запрос успешен.
2026-04-23 21:28:03,784 - root - INFO - stats/admin/all-tasks:: Запрос успешен.
2026-04-23 21:28:04,096 - root - INFO - auth/login:: Запрос успешен.
2026-04-23 21:28:04,457 - root - INFO - stats/admin/all-tasks:: Запрос успешен.
2026-04-23 21:28:04,562 - root - INFO - stats/admin/all-tasks:: Запрос успешен.
2026-04-23 21:28:04,915 - root - INFO - auth/login:: Запрос успешен.
2026-04-23 21:28:05,219 - root - INFO - stats/admin/all-tasks:: Запрос успешен.
2026-04-23 21:28:05,381 - root - INFO - stats/admin/all-tasks:: Запрос успешен.
2026-04-23 21:28:05,748 - root - INFO - auth/login:: Запрос успешен.
2026-04-23 21:28:06,114 - root - INFO - auth/login:: Запрос успешен.
2026-04-23 21:28:06,481 - root - INFO - auth/login:: Запрос успешен.
2026-04-23 21:28:06,801 - root - INFO - stats/admin/all-tasks:: Запрос успешен.
2026-04-23 21:28:06,886 - root - INFO - stats/admin/all-tasks:: Запрос успешен.
2026-04-23 21:28:07,272 - root - INFO - auth/login:: Запрос успешен.
2026-04-23 21:28:07,679 - root - INFO - auth/login:: Запрос успешен.
2026-04-23 21:28:08,055 - root - INFO - stats/admin/all-tasks:: Запрос успешен.
2026-04-23 21:28:08,232 - root - INFO - stats/admin/all-tasks:: Запрос успешен.
2026-04-23 21:28:08,861 - root - INFO - auth/login:: Запрос успешен.
2026-04-23 21:28:09,337 - root - INFO - auth/login:: Запрос успешен.
2026-04-23 21:28:09,378 - root - INFO - stats/admin/all-tasks:: Запрос успешен.
2026-04-23 21:30:25,641 - root - INFO - auth/login:: Запрос успешен.
2026-04-23 21:30:26,024 - root - INFO - auth/login:: Запрос успешен.
2026-04-23 21:30:26,044 - root - INFO - stats/admin/all-boards:: Запрос успешен.
2026-04-23 21:30:26,386 - root - INFO - auth/login:: Запрос успешен.
2026-04-23 21:30:26,740 - root - INFO - auth/login:: Запрос успешен.
2026-04-23 21:30:26,756 - root - INFO - stats/admin/all-boards:: Запрос успешен.
2026-04-23 21:30:27,152 - root - INFO - auth/login:: Запрос успешен.
2026-04-23 21:30:27,446 - root - INFO - auth/login:: Запрос успешен.
2026-04-23 21:30:27,747 - root - INFO - auth/login:: Запрос успешен.
2026-04-23 21:30:28,031 - root - INFO - stats/admin/all-tasks:: Запрос успешен.
2026-04-23 21:30:28,077 - root - INFO - stats/admin/all-tasks:: Запрос успешен.
2026-04-23 21:30:28,361 - root - INFO - auth/login:: Запрос успешен.
2026-04-23 21:30:28,833 - root - INFO - auth/login:: Запрос успешен.
2026-04-23 21:30:29,213 - root - INFO - auth/login:: Запрос успешен.
2026-04-23 21:30:29,469 - root - INFO - stats/admin/all-tasks:: Запрос успешен.
2026-04-23 21:30:29,569 - root - INFO - stats/admin/all-tasks:: Запрос успешен.
2026-04-23 21:30:29,882 - root - INFO - auth/login:: Запрос успешен.
2026-04-23 21:30:30,207 - root - INFO - auth/login:: Запрос успешен.
2026-04-23 21:30:30,243 - root - INFO - stats/admin/all-tasks:: Запрос успешен.
2026-04-23 21:30:30,564 - root - INFO - auth/login:: Запрос успешен.
2026-04-23 21:30:30,939 - root - INFO - auth/login:: Запрос успешен.
2026-04-23 21:30:31,207 - root - INFO - stats/admin/all-tasks:: Запрос успешен.
2026-04-23 21:30:31,309 - root - INFO - stats/admin/all-tasks:: Запрос успешен.
2026-04-23 21:30:31,627 - root - INFO - auth/login:: Запрос успешен.
2026-04-23 21:30:31,877 - root - INFO - stats/admin/all-tasks:: Запрос успешен.
2026-04-23 21:30:32,009 - root - INFO - stats/admin/all-tasks:: Запрос успешен.
2026-04-23 21:30:32,340 - root - INFO - auth/login:: Запрос успешен.
2026-04-23 21:30:32,371 - root - INFO - stats/admin/all-tasks:: Запрос успешен.
2026-04-23 21:30:32,688 - root - INFO - auth/login:: Запрос успешен.
2026-04-23 21:30:32,908 - root - INFO - stats/admin/all-tasks:: Запрос успешен.
2026-04-23 21:30:33,070 - root - INFO - stats/admin/all-tasks:: Запрос успешен.
2026-04-23 21:30:33,393 - root - INFO - auth/login:: Запрос успешен.
2026-04-23 21:30:33,620 - root - INFO - stats/admin/all-tasks:: Запрос успешен.
2026-04-23 21:30:33,701 - root - INFO - stats/admin/all-tasks:: Запрос успешен.
2026-04-23 21:31:28,029 - root - INFO - auth/login:: Запрос успешен.
2026-04-23 21:31:28,043 - root - INFO - stats/dashboard:: Запрос успешен.
2026-04-23 21:31:28,362 - root - INFO - auth/login:: Запрос успешен.
2026-04-23 21:31:28,377 - root - INFO - stats/users/1/activity:: Запрос успешен.
2026-04-23 21:31:28,806 - root - INFO - auth/login:: Запрос успешен.
2026-04-23 21:31:29,184 - root - INFO - auth/login:: Запрос успешен.
2026-04-23 21:31:29,199 - root - INFO - stats/tasks:: Запрос успешен.
2026-04-23 21:31:29,477 - root - INFO - auth/login:: Запрос успешен.
2026-04-23 21:32:00,602 - root - INFO - auth/login:: Запрос успешен.
2026-04-23 21:32:01,059 - root - INFO - auth/login:: Запрос успешен.
2026-04-23 21:32:01,081 - root - INFO - stats/admin/all-boards:: Запрос успешен.
2026-04-23 21:32:01,517 - root - INFO - auth/login:: Запрос успешен.
2026-04-23 21:32:01,545 - root - INFO - stats/admin/all-boards:: Запрос успешен.
2026-04-23 21:32:01,921 - root - INFO - auth/login:: Запрос успешен.
2026-04-23 21:32:02,400 - root - INFO - auth/login:: Запрос успешен.
2026-04-23 21:32:02,774 - root - INFO - auth/login:: Запрос успешен.
2026-04-23 21:32:03,122 - root - INFO - auth/login:: Запрос успешен.
2026-04-23 21:32:03,424 - root - INFO - stats/admin/all-tasks:: Запрос успешен.
2026-04-23 21:32:03,555 - root - INFO - stats/admin/all-tasks:: Запрос успешен.
2026-04-23 21:32:03,893 - root - INFO - auth/login:: Запрос успешен.
2026-04-23 21:32:04,161 - root - INFO - stats/admin/all-tasks:: Запрос успешен.
2026-04-23 21:32:04,268 - root - INFO - stats/admin/all-tasks:: Запрос успешен.
2026-04-23 21:32:04,614 - root - INFO - auth/login:: Запрос успешен.
2026-04-23 21:32:05,063 - root - INFO - stats/admin/all-tasks:: Запрос успешен.
2026-04-23 21:32:05,215 - root - INFO - stats/admin/all-tasks:: Запрос успешен.
2026-04-23 21:32:05,606 - root - INFO - auth/login:: Запрос успешен.
2026-04-23 21:32:06,099 - root - INFO - stats/admin/all-tasks:: Запрос успешен.
2026-04-23 21:32:06,203 - root - INFO - stats/admin/all-tasks:: Запрос успешен.
2026-04-23 21:32:06,496 - root - INFO - auth/login:: Запрос успешен.
2026-04-23 21:32:06,764 - root - INFO - auth/login:: Запрос успешен.
2026-04-23 21:32:06,908 - root - INFO - stats/admin/all-tasks:: Запрос успешен.
2026-04-23 21:32:06,934 - root - INFO - stats/admin/all-tasks:: Запрос успешен.
2026-04-23 21:32:07,195 - root - INFO - auth/login:: Запрос успешен.
2026-04-23 21:32:07,450 - root - INFO - auth/login:: Запрос успешен.
2026-04-23 21:32:07,466 - root - INFO - stats/admin/all-tasks:: Запрос успешен.
2026-04-23 21:32:07,712 - root - INFO - auth/login:: Запрос успешен.
2026-04-23 21:32:07,984 - root - INFO - auth/login:: Запрос успешен.
2026-04-23 21:32:08,003 - root - INFO - stats/admin/all-tasks:: Запрос успешен.
2026-04-23 21:32:08,246 - root - INFO - auth/login:: Запрос успешен.
2026-04-23 21:32:08,397 - root - INFO - stats/admin/all-tasks:: Запрос успешен.
2026-04-23 21:32:08,482 - root - INFO - stats/admin/all-tasks:: Запрос успешен.
2026-04-23 21:32:08,793 - root - INFO - auth/login:: Запрос успешен.
2026-04-23 21:32:09,116 - root - INFO - auth/login:: Запрос успешен.
2026-04-23 21:32:09,504 - root - INFO - auth/login:: Запрос успешен.
2026-04-23 21:32:09,515 - root - INFO - stats/tasks:: Запрос успешен.
2026-04-23 21:32:09,924 - root - INFO - auth/login:: Запрос успешен.
2026-04-23 21:32:09,944 - root - INFO - stats/dashboard:: Запрос успешен.
2026-04-23 21:32:10,750 - root - INFO - auth/login:: Запрос успешен.
2026-04-23 21:32:10,765 - root - INFO - stats/users/1/activity:: Запрос успешен.
2026-04-23 21:32:49,750 - root - INFO - auth/login:: Запрос успешен.
2026-04-23 21:35:51,537 - root - INFO - auth/login:: Запрос успешен.
2026-04-23 21:35:51,771 - root - INFO - auth/login:: Запрос успешен.
2026-04-23 21:35:51,778 - root - INFO - stats/tasks:: Запрос успешен.
2026-04-23 21:35:52,031 - root - INFO - auth/login:: Запрос успешен.
2026-04-23 21:35:52,040 - root - INFO - stats/dashboard:: Запрос успешен.
2026-04-23 21:35:52,272 - root - INFO - auth/login:: Запрос успешен.
2026-04-23 21:35:52,516 - root - INFO - auth/login:: Запрос успешен.
2026-04-23 21:35:52,524 - root - INFO - stats/users/1/activity:: Запрос успешен.
2026-04-23 21:36:09,204 - root - INFO - auth/login:: Запрос успешен.
2026-04-23 21:36:09,221 - root - INFO - stats/admin/all-tasks:: Запрос успешен.
2026-04-23 21:36:09,452 - root - INFO - auth/login:: Запрос успешен.
2026-04-23 21:36:09,499 - root - INFO - stats/admin/all-tasks:: Запрос успешен.
2026-04-23 21:36:09,734 - root - INFO - auth/login:: Запрос успешен.
2026-04-23 21:36:09,971 - root - INFO - auth/login:: Запрос успешен.
2026-04-23 21:36:10,097 - root - INFO - stats/admin/all-tasks:: Запрос успешен.
2026-04-23 21:36:10,157 - root - INFO - stats/admin/all-tasks:: Запрос успешен.
2026-04-23 21:36:10,412 - root - INFO - auth/login:: Запрос успешен.
2026-04-23 21:36:10,672 - root - INFO - auth/login:: Запрос успешен.
2026-04-23 21:36:10,930 - root - INFO - auth/login:: Запрос успешен.
2026-04-23 21:36:11,180 - root - INFO - auth/login:: Запрос успешен.
2026-04-23 21:36:11,302 - root - INFO - stats/admin/all-tasks:: Запрос успешен.
2026-04-23 21:36:11,351 - root - INFO - stats/admin/all-tasks:: Запрос успешен.
2026-04-23 21:36:11,585 - root - INFO - auth/login:: Запрос успешен.
2026-04-23 21:36:11,707 - root - INFO - stats/admin/all-tasks:: Запрос успешен.
2026-04-23 21:36:11,753 - root - INFO - stats/admin/all-tasks:: Запрос успешен.
2026-04-23 21:36:12,011 - root - INFO - auth/login:: Запрос успешен.
2026-04-23 21:36:12,138 - root - INFO - stats/admin/all-tasks:: Запрос успешен.
2026-04-23 21:36:12,207 - root - INFO - stats/admin/all-tasks:: Запрос успешен.
2026-04-23 21:36:12,441 - root - INFO - auth/login:: Запрос успешен.
2026-04-23 21:36:12,598 - root - INFO - stats/admin/all-tasks:: Запрос успешен.
2026-04-23 21:36:12,657 - root - INFO - stats/admin/all-tasks:: Запрос успешен.
2026-04-23 21:36:12,890 - root - INFO - auth/login:: Запрос успешен.
2026-04-23 21:36:13,009 - root - INFO - stats/admin/all-tasks:: Запрос успешен.
2026-04-23 21:36:13,034 - root - INFO - stats/admin/all-tasks:: Запрос успешен.
2026-04-23 21:36:13,286 - root - INFO - auth/login:: Запрос успешен.
2026-04-23 21:36:13,546 - root - INFO - auth/login:: Запрос успешен.
2026-04-23 21:36:13,786 - root - INFO - auth/login:: Запрос успешен.
2026-04-23 21:36:14,026 - root - INFO - auth/login:: Запрос успешен.
2026-04-23 21:36:14,035 - root - INFO - stats/admin/all-boards:: Запрос успешен.
2026-04-23 21:36:14,271 - root - INFO - auth/login:: Запрос успешен.
2026-04-23 21:36:14,509 - root - INFO - auth/login:: Запрос успешен.
2026-04-23 21:36:14,519 - root - INFO - stats/admin/all-boards:: Запрос успешен.
2026-04-23 21:43:28,394 - root - INFO - auth/login:: Запрос успешен.
2026-04-23 21:43:28,634 - root - INFO - auth/login:: Запрос успешен.
2026-04-23 21:43:28,644 - root - INFO - stats/tasks:: Запрос успешен.
2026-04-23 21:43:28,877 - root - INFO - auth/login:: Запрос успешен.
2026-04-23 21:43:28,886 - root - INFO - stats/dashboard:: Запрос успешен.
2026-04-23 21:43:29,140 - root - INFO - auth/login:: Запрос успешен.
2026-04-23 21:43:29,147 - root - INFO - stats/users/1/activity:: Запрос успешен.
2026-04-23 21:43:29,386 - root - INFO - auth/login:: Запрос успешен.
2026-04-23 21:43:35,147 - root - INFO - auth/login:: Запрос успешен.
2026-04-23 21:43:35,156 - root - INFO - stats/admin/all-boards:: Запрос успешен.
2026-04-23 21:43:35,390 - root - INFO - auth/login:: Запрос успешен.
2026-04-23 21:43:35,398 - root - INFO - stats/admin/all-boards:: Запрос успешен.
2026-04-23 21:43:35,631 - root - INFO - auth/login:: Запрос успешен.
2026-04-23 21:43:35,870 - root - INFO - auth/login:: Запрос успешен.
2026-04-23 21:43:36,134 - root - INFO - auth/login:: Запрос успешен.
2026-04-23 21:43:36,372 - root - INFO - auth/login:: Запрос успешен.
2026-04-23 21:43:36,611 - root - INFO - auth/login:: Запрос успешен.
2026-04-23 21:43:36,733 - root - INFO - stats/admin/all-tasks:: Запрос успешен.
2026-04-23 21:43:36,816 - root - INFO - stats/admin/all-tasks:: Запрос успешен.
2026-04-23 21:43:37,093 - root - INFO - auth/login:: Запрос успешен.
2026-04-23 21:43:37,109 - root - INFO - stats/admin/all-tasks:: Запрос успешен.
2026-04-23 21:43:37,365 - root - INFO - auth/login:: Запрос успешен.
2026-04-23 21:43:37,603 - root - INFO - auth/login:: Запрос успешен.
2026-04-23 21:43:37,723 - root - INFO - stats/admin/all-tasks:: Запрос успешен.
2026-04-23 21:43:37,815 - root - INFO - stats/admin/all-tasks:: Запрос успешен.
2026-04-23 21:43:38,048 - root - INFO - auth/login:: Запрос успешен.
2026-04-23 21:43:38,285 - root - INFO - auth/login:: Запрос успешен.
2026-04-23 21:43:38,407 - root - INFO - stats/admin/all-tasks:: Запрос успешен.
2026-04-23 21:43:38,431 - root - INFO - stats/admin/all-tasks:: Запрос успешен.
2026-04-23 21:43:38,661 - root - INFO - auth/login:: Запрос успешен.
2026-04-23 21:43:38,899 - root - INFO - auth/login:: Запрос успешен.
2026-04-23 21:43:39,021 - root - INFO - stats/admin/all-tasks:: Запрос успешен.
2026-04-23 21:43:39,084 - root - INFO - stats/admin/all-tasks:: Запрос успешен.
2026-04-23 21:43:39,334 - root - INFO - auth/login:: Запрос успешен.
2026-04-23 21:43:39,485 - root - INFO - stats/admin/all-tasks:: Запрос успешен.
2026-04-23 21:43:39,554 - root - INFO - stats/admin/all-tasks:: Запрос успешен.
2026-04-23 21:43:39,788 - root - INFO - auth/login:: Запрос успешен.
2026-04-23 21:43:39,907 - root - INFO - stats/admin/all-tasks:: Запрос успешен.
2026-04-23 21:43:39,952 - root - INFO - stats/admin/all-tasks:: Запрос успешен.
2026-04-23 21:43:40,188 - root - INFO - auth/login:: Запрос успешен.
2026-04-23 21:43:40,424 - root - INFO - auth/login:: Запрос успешен.
2026-04-23 21:43:40,441 - root - INFO - stats/admin/all-tasks:: Запрос успешен.
2026-04-23 21:49:06,700 - root - INFO - auth/login:: Запрос успешен.
2026-04-23 21:49:06,710 - root - INFO - stats/admin/all-boards:: Запрос успешен.
2026-04-23 21:49:06,943 - root - INFO - auth/login:: Запрос успешен.
2026-04-23 21:49:07,180 - root - INFO - auth/login:: Запрос успешен.
2026-04-23 21:49:07,455 - root - INFO - auth/login:: Запрос успешен.
2026-04-23 21:49:07,690 - root - INFO - auth/login:: Запрос успешен.
2026-04-23 21:49:07,926 - root - INFO - auth/login:: Запрос успешен.
2026-04-23 21:49:07,934 - root - INFO - stats/admin/all-boards:: Запрос успешен.
2026-04-23 21:49:23,116 - root - INFO - auth/login:: Запрос успешен.
2026-04-23 21:49:23,236 - root - INFO - stats/admin/all-tasks:: Запрос успешен.
2026-04-23 21:49:23,306 - root - INFO - stats/admin/all-tasks:: Запрос успешен.
2026-04-23 21:49:23,539 - root - INFO - auth/login:: Запрос успешен.
2026-04-23 21:49:23,780 - root - INFO - auth/login:: Запрос успешен.
2026-04-23 21:49:23,901 - root - INFO - stats/admin/all-tasks:: Запрос успешен.
2026-04-23 21:49:23,926 - root - INFO - stats/admin/all-tasks:: Запрос успешен.
2026-04-23 21:49:24,157 - root - INFO - auth/login:: Запрос успешен.
2026-04-23 21:49:24,277 - root - INFO - stats/admin/all-tasks:: Запрос успешен.
2026-04-23 21:49:24,334 - root - INFO - stats/admin/all-tasks:: Запрос успешен.
2026-04-23 21:49:24,566 - root - INFO - auth/login:: Запрос успешен.
2026-04-23 21:49:24,801 - root - INFO - auth/login:: Запрос успешен.
2026-04-23 21:49:24,952 - root - INFO - stats/admin/all-tasks:: Запрос успешен.
2026-04-23 21:49:24,997 - root - INFO - stats/admin/all-tasks:: Запрос успешен.
2026-04-23 21:49:25,236 - root - INFO - auth/login:: Запрос успешен.
2026-04-23 21:49:25,357 - root - INFO - stats/admin/all-tasks:: Запрос успешен.
2026-04-23 21:49:25,704 - root - INFO - stats/admin/all-tasks:: Запрос успешен.
2026-04-23 21:49:25,994 - root - INFO - auth/login:: Запрос успешен.
2026-04-23 21:49:26,231 - root - INFO - auth/login:: Запрос успешен.
2026-04-23 21:49:26,247 - root - INFO - stats/admin/all-tasks:: Запрос успешен.
2026-04-23 21:49:26,478 - root - INFO - auth/login:: Запрос успешен.
2026-04-23 21:49:26,601 - root - INFO - stats/admin/all-tasks:: Запрос успешен.
2026-04-23 21:49:26,661 - root - INFO - stats/admin/all-tasks:: Запрос успешен.
2026-04-23 21:49:26,896 - root - INFO - auth/login:: Запрос успешен.
2026-04-23 21:49:27,131 - root - INFO - auth/login:: Запрос успешен.
2026-04-23 21:49:27,147 - root - INFO - stats/admin/all-tasks:: Запрос успешен.
2026-04-23 21:49:27,399 - root - INFO - auth/login:: Запрос успешен.
2026-04-23 21:49:27,634 - root - INFO - auth/login:: Запрос успешен.
2026-04-23 21:49:27,643 - root - INFO - stats/users/1/activity:: Запрос успешен.
2026-04-23 21:49:27,874 - root - INFO - auth/login:: Запрос успешен.
2026-04-23 21:49:27,882 - root - INFO - stats/tasks:: Запрос успешен.
2026-04-23 21:49:28,110 - root - INFO - auth/login:: Запрос успешен.
2026-04-23 21:49:28,119 - root - INFO - stats/dashboard:: Запрос успешен.
2026-04-23 21:49:28,349 - root - INFO - auth/login:: Запрос успешен.
